Component: ARM Compiler 6.16 Tool: armlink [5dfeaa00]

==============================================================================

Section Cross References

    main.o(.text.led_spark) refers to gd32e230c_eval.o(.text.gd_eval_led_on) for gd_eval_led_on
    main.o(.text.led_spark) refers to gd32e230c_eval.o(.text.gd_eval_led_off) for gd_eval_led_off
    main.o(.text.led_spark) refers to main.o(.bss.led_spark.timingdelaylocal) for [Anonymous Symbol]
    main.o(.ARM.exidx.text.led_spark) refers to main.o(.text.led_spark) for [Anonymous Symbol]
    main.o(.text.spi_config) refers to gd32e23x_spi.o(.text.spi_i2s_deinit) for spi_i2s_deinit
    main.o(.text.spi_config) refers to gd32e23x_spi.o(.text.spi_struct_para_init) for spi_struct_para_init
    main.o(.text.spi_config) refers to gd32e23x_spi.o(.text.spi_init) for spi_init
    main.o(.ARM.exidx.text.spi_config) refers to main.o(.text.spi_config) for [Anonymous Symbol]
    main.o(.text.fputc) refers to gd32e23x_usart.o(.text.usart_data_transmit) for usart_data_transmit
    main.o(.text.fputc) refers to gd32e23x_usart.o(.text.usart_flag_get) for usart_flag_get
    main.o(.ARM.exidx.text.fputc) refers to main.o(.text.fputc) for [Anonymous Symbol]
    main.o(.ARM.exidx.text.sys_get_ms) refers to main.o(.text.sys_get_ms) for [Anonymous Symbol]
    main.o(.text.min_rx_callback) refers to memcpya.o(.text) for __aeabi_memcpy
    main.o(.text.min_rx_callback) refers to main.o(.bss.spi_data_buffer) for spi_data_buffer
    main.o(.text.min_rx_callback) refers to main.o(.bss.check_ping_esp_s) for check_ping_esp_s
    main.o(.ARM.exidx.text.min_rx_callback) refers to main.o(.text.min_rx_callback) for [Anonymous Symbol]
    main.o(.text.min_tx_byte) refers to gd32e23x_usart.o(.text.usart_data_transmit) for usart_data_transmit
    main.o(.text.min_tx_byte) refers to gd32e23x_usart.o(.text.usart_flag_get) for usart_flag_get
    main.o(.ARM.exidx.text.min_tx_byte) refers to main.o(.text.min_tx_byte) for [Anonymous Symbol]
    main.o(.text.send_min_data) refers to min.o(.text.min_send_frame) for min_send_frame
    main.o(.text.send_min_data) refers to main.o(.bss.m_min_context) for m_min_context
    main.o(.ARM.exidx.text.send_min_data) refers to main.o(.text.send_min_data) for [Anonymous Symbol]
    main.o(.text.build_min_tx_data_from_spi) refers to memcpya.o(.text) for __aeabi_memcpy
    main.o(.ARM.exidx.text.build_min_tx_data_from_spi) refers to main.o(.text.build_min_tx_data_from_spi) for [Anonymous Symbol]
    main.o(.text.main) refers to board_hw.o(.text.board_hw_initialize) for board_hw_initialize
    main.o(.text.main) refers to lwrb.o(.text.lwrb_init) for lwrb_init
    main.o(.text.main) refers to min.o(.text.min_init_context) for min_init_context
    main.o(.text.main) refers to systick.o(.text.systick_config) for systick_config
    main.o(.text.main) refers to gd32e230c_eval.o(.text.gd_eval_led_init) for gd_eval_led_init
    main.o(.text.main) refers to gd32e230c_eval.o(.text.gd_eval_com_init) for gd_eval_com_init
    main.o(.text.main) refers to gd32e230c_eval.o(.text.gd_eval_key_init) for gd_eval_key_init
    main.o(.text.main) refers to main.o(.text.spi_config) for spi_config
    main.o(.text.main) refers to gd32e23x_spi.o(.text.spi_enable) for spi_enable
    main.o(.text.main) refers to gd32e23x_rcu.o(.text.rcu_clock_freq_get) for rcu_clock_freq_get
    main.o(.text.main) refers to printfa.o(i.__0printf) for printf
    main.o(.text.main) refers to main.o(.text.sys_get_ms) for sys_get_ms
    main.o(.text.main) refers to gd32e23x_gpio.o(.text.gpio_bit_reset) for gpio_bit_reset
    main.o(.text.main) refers to systick.o(.text.delay_1ms) for delay_1ms
    main.o(.text.main) refers to gd32e23x_gpio.o(.text.gpio_bit_set) for gpio_bit_set
    main.o(.text.main) refers to lwrb.o(.text.lwrb_read) for lwrb_read
    main.o(.text.main) refers to min.o(.text.min_rx_feed) for min_rx_feed
    main.o(.text.main) refers to main.o(.text.build_min_tx_data_from_spi) for build_min_tx_data_from_spi
    main.o(.text.main) refers to main.o(.text.send_min_data) for send_min_data
    main.o(.text.main) refers to memseta.o(.text) for __aeabi_memclr
    main.o(.text.main) refers to gd32e230c_eval.o(.text.gd_eval_key_state_get) for gd_eval_key_state_get
    main.o(.text.main) refers to gd32e230c_eval.o(.text.gd_eval_led_on) for gd_eval_led_on
    main.o(.text.main) refers to gd32e230c_eval.o(.text.gd_eval_led_off) for gd_eval_led_off
    main.o(.text.main) refers to gd32e230c_eval.o(.text.gd_eval_led_toggle) for gd_eval_led_toggle
    main.o(.text.main) refers to main.o(.bss.uart_rb) for uart_rb
    main.o(.text.main) refers to main.o(.bss.uart_buffer) for uart_buffer
    main.o(.text.main) refers to main.o(.bss.m_min_setting) for m_min_setting
    main.o(.text.main) refers to main.o(.text.min_rx_callback) for min_rx_callback
    main.o(.text.main) refers to main.o(.text.min_tx_byte) for min_tx_byte
    main.o(.text.main) refers to main.o(.bss.m_min_context) for m_min_context
[...]
    Removing gd32e23x_usart.o(.ARM.exidx.text.usart_data_first_config), (8 bytes).
    Removing gd32e23x_usart.o(.text.usart_invert_config), (186 bytes).
    Removing gd32e23x_usart.o(.ARM.exidx.text.usart_invert_config), (8 bytes).
    Removing gd32e23x_usart.o(.text.usart_overrun_enable), (30 bytes).
    Removing gd32e23x_usart.o(.ARM.exidx.text.usart_overrun_enable), (8 bytes).
    Removing gd32e23x_usart.o(.text.usart_overrun_disable), (30 bytes).
    Removing gd32e23x_usart.o(.ARM.exidx.text.usart_overrun_disable), (8 bytes).
    Removing gd32e23x_usart.o(.text.usart_oversample_config), (42 bytes).
    Removing gd32e23x_usart.o(.ARM.exidx.text.usart_oversample_config), (8 bytes).
    Removing gd32e23x_usart.o(.text.usart_sample_bit_config), (42 bytes).
    Removing gd32e23x_usart.o(.ARM.exidx.text.usart_sample_bit_config), (8 bytes).
    Removing gd32e23x_usart.o(.text.usart_receiver_timeout_enable), (20 bytes).
    Removing gd32e23x_usart.o(.ARM.exidx.text.usart_receiver_timeout_enable), (8 bytes).
    Removing gd32e23x_usart.o(.text.usart_receiver_timeout_disable), (20 bytes).
    Removing gd32e23x_usart.o(.ARM.exidx.text.usart_receiver_timeout_disable), (8 bytes).
    Removing gd32e23x_usart.o(.text.usart_receiver_timeout_threshold_config), (32 bytes).
    Removing gd32e23x_usart.o(.ARM.exidx.text.usart_receiver_timeout_threshold_config), (8 bytes).
    Removing gd32e23x_usart.o(.ARM.exidx.text.usart_data_transmit), (8 bytes).
    Removing gd32e23x_usart.o(.ARM.exidx.text.usart_data_receive), (8 bytes).
    Removing gd32e23x_usart.o(.text.usart_address_config), (46 bytes).
    Removing gd32e23x_usart.o(.ARM.exidx.text.usart_address_config), (8 bytes).
    Removing gd32e23x_usart.o(.text.usart_address_detection_mode_config), (42 bytes).
    Removing gd32e23x_usart.o(.ARM.exidx.text.usart_address_detection_mode_config), (8 bytes).
    Removing gd32e23x_usart.o(.text.usart_mute_mode_enable), (20 bytes).
    Removing gd32e23x_usart.o(.ARM.exidx.text.usart_mute_mode_enable), (8 bytes).
    Removing gd32e23x_usart.o(.text.usart_mute_mode_disable), (20 bytes).
    Removing gd32e23x_usart.o(.ARM.exidx.text.usart_mute_mode_disable), (8 bytes).
    Removing gd32e23x_usart.o(.text.usart_mute_mode_wakeup_config), (42 bytes).
    Removing gd32e23x_usart.o(.ARM.exidx.text.usart_mute_mode_wakeup_config), (8 bytes).
    Removing gd32e23x_usart.o(.text.usart_lin_mode_enable), (30 bytes).
    Removing gd32e23x_usart.o(.ARM.exidx.text.usart_lin_mode_enable), (8 bytes).
    Removing gd32e23x_usart.o(.text.usart_lin_mode_disable), (30 bytes).
    Removing gd32e23x_usart.o(.ARM.exidx.text.usart_lin_mode_disable), (8 bytes).
    Removing gd32e23x_usart.o(.text.usart_lin_break_detection_length_config), (42 bytes).
    Removing gd32e23x_usart.o(.ARM.exidx.text.usart_lin_break_detection_length_config), (8 bytes).
    Removing gd32e23x_usart.o(.text.usart_halfduplex_enable), (28 bytes).
    Removing gd32e23x_usart.o(.ARM.exidx.text.usart_halfduplex_enable), (8 bytes).
    Removing gd32e23x_usart.o(.text.usart_halfduplex_disable), (28 bytes).
    Removing gd32e23x_usart.o(.ARM.exidx.text.usart_halfduplex_disable), (8 bytes).
    Removing gd32e23x_usart.o(.text.usart_clock_enable), (30 bytes).
    Removing gd32e23x_usart.o(.ARM.exidx.text.usart_clock_enable), (8 bytes).
    Removing gd32e23x_usart.o(.text.usart_clock_disable), (30 bytes).
    Removing gd32e23x_usart.o(.ARM.exidx.text.usart_clock_disable), (8 bytes).
    Removing gd32e23x_usart.o(.text.usart_synchronous_clock_config), (84 bytes).
    Removing gd32e23x_usart.o(.ARM.exidx.text.usart_synchronous_clock_config), (8 bytes).
    Removing gd32e23x_usart.o(.text.usart_guard_time_config), (46 bytes).
    Removing gd32e23x_usart.o(.ARM.exidx.text.usart_guard_time_config), (8 bytes).
    Removing gd32e23x_usart.o(.text.usart_smartcard_mode_enable), (28 bytes).
    Removing gd32e23x_usart.o(.ARM.exidx.text.usart_smartcard_mode_enable), (8 bytes).
    Removing gd32e23x_usart.o(.text.usart_smartcard_mode_disable), (28 bytes).
    Removing gd32e23x_usart.o(.ARM.exidx.text.usart_smartcard_mode_disable), (8 bytes).
    Removing gd32e23x_usart.o(.text.usart_smartcard_mode_nack_enable), (28 bytes).
    Removing gd32e23x_usart.o(.ARM.exidx.text.usart_smartcard_mode_nack_enable), (8 bytes).
    Removing gd32e23x_usart.o(.text.usart_smartcard_mode_nack_disable), (28 bytes).
    Removing gd32e23x_usart.o(.ARM.exidx.text.usart_smartcard_mode_nack_disable), (8 bytes).
    Removing gd32e23x_usart.o(.text.usart_smartcard_mode_early_nack_enable), (20 bytes).
    Removing gd32e23x_usart.o(.ARM.exidx.text.usart_smartcard_mode_early_nack_enable), (8 bytes).
    Removing gd32e23x_usart.o(.text.usart_smartcard_mode_early_nack_disable), (20 bytes).
    Removing gd32e23x_usart.o(.ARM.exidx.text.usart_smartcard_mode_early_nack_disable), (8 bytes).
    Removing gd32e23x_usart.o(.text.usart_smartcard_autoretry_config), (46 bytes).
    Removing gd32e23x_usart.o(.ARM.exidx.text.usart_smartcard_autoretry_config), (8 bytes).
    Removing gd32e23x_usart.o(.text.usart_block_length_config), (34 bytes).
    Removing gd32e23x_usart.o(.ARM.exidx.text.usart_block_length_config), (8 bytes).
    Removing gd32e23x_usart.o(.text.usart_irda_mode_enable), (28 bytes).
    Removing gd32e23x_usart.o(.ARM.exidx.text.usart_irda_mode_enable), (8 bytes).
    Removing gd32e23x_usart.o(.text.usart_irda_mode_disable), (28 bytes).
    Removing gd32e23x_usart.o(.ARM.exidx.text.usart_irda_mode_disable), (8 bytes).
    Removing gd32e23x_usart.o(.text.usart_prescaler_config), (40 bytes).
    Removing gd32e23x_usart.o(.ARM.exidx.text.usart_prescaler_config), (8 bytes).
    Removing gd32e23x_usart.o(.text.usart_irda_lowpower_config), (42 bytes).
    Removing gd32e23x_usart.o(.ARM.exidx.text.usart_irda_lowpower_config), (8 bytes).
    Removing gd32e23x_usart.o(.text.usart_hardware_flow_rts_config), (42 bytes).
    Removing gd32e23x_usart.o(.ARM.exidx.text.usart_hardware_flow_rts_config), (8 bytes).
    Removing gd32e23x_usart.o(.text.usart_hardware_flow_cts_config), (42 bytes).
    Removing gd32e23x_usart.o(.ARM.exidx.text.usart_hardware_flow_cts_config), (8 bytes).
    Removing gd32e23x_usart.o(.text.usart_hardware_flow_coherence_config), (34 bytes).
    Removing gd32e23x_usart.o(.ARM.exidx.text.usart_hardware_flow_coherence_config), (8 bytes).
    Removing gd32e23x_usart.o(.text.usart_rs485_driver_enable), (30 bytes).
    Removing gd32e23x_usart.o(.ARM.exidx.text.usart_rs485_driver_enable), (8 bytes).
    Removing gd32e23x_usart.o(.text.usart_rs485_driver_disable), (30 bytes).
    Removing gd32e23x_usart.o(.ARM.exidx.text.usart_rs485_driver_disable), (8 bytes).
    Removing gd32e23x_usart.o(.text.usart_driver_assertime_config), (46 bytes).
    Removing gd32e23x_usart.o(.ARM.exidx.text.usart_driver_assertime_config), (8 bytes).
    Removing gd32e23x_usart.o(.text.usart_driver_deassertime_config), (46 bytes).
    Removing gd32e23x_usart.o(.ARM.exidx.text.usart_driver_deassertime_config), (8 bytes).
    Removing gd32e23x_usart.o(.text.usart_depolarity_config), (44 bytes).
    Removing gd32e23x_usart.o(.ARM.exidx.text.usart_depolarity_config), (8 bytes).
    Removing gd32e23x_usart.o(.text.usart_dma_receive_config), (30 bytes).
    Removing gd32e23x_usart.o(.ARM.exidx.text.usart_dma_receive_config), (8 bytes).
    Removing gd32e23x_usart.o(.text.usart_dma_transmit_config), (30 bytes).
    Removing gd32e23x_usart.o(.ARM.exidx.text.usart_dma_transmit_config), (8 bytes).
    Removing gd32e23x_usart.o(.text.usart_reception_error_dma_disable), (30 bytes).
    Removing gd32e23x_usart.o(.ARM.exidx.text.usart_reception_error_dma_disable), (8 bytes).
    Removing gd32e23x_usart.o(.text.usart_reception_error_dma_enable), (30 bytes).
    Removing gd32e23x_usart.o(.ARM.exidx.text.usart_reception_error_dma_enable), (8 bytes).
    Removing gd32e23x_usart.o(.text.usart_wakeup_enable), (18 bytes).
    Removing gd32e23x_usart.o(.ARM.exidx.text.usart_wakeup_enable), (8 bytes).
    Removing gd32e23x_usart.o(.text.usart_wakeup_disable), (18 bytes).
    Removing gd32e23x_usart.o(.ARM.exidx.text.usart_wakeup_disable), (8 bytes).
    Removing gd32e23x_usart.o(.text.usart_wakeup_mode_config), (44 bytes).
    Removing gd32e23x_usart.o(.ARM.exidx.text.usart_wakeup_mode_config), (8 bytes).
    Removing gd32e23x_usart.o(.text.usart_receive_fifo_enable), (22 bytes).
    Removing gd32e23x_usart.o(.ARM.exidx.text.usart_receive_fifo_enable), (8 bytes).
    Removing gd32e23x_usart.o(.text.usart_receive_fifo_disable), (22 bytes).
    Removing gd32e23x_usart.o(.ARM.exidx.text.usart_receive_fifo_disable), (8 bytes).
    Removing gd32e23x_usart.o(.text.usart_receive_fifo_counter_number), (22 bytes).
    Removing gd32e23x_usart.o(.ARM.exidx.text.usart_receive_fifo_counter_number), (8 bytes).
    Removing gd32e23x_usart.o(.ARM.exidx.text.usart_flag_get), (8 bytes).
    Removing gd32e23x_usart.o(.ARM.exidx.text.usart_flag_clear), (8 bytes).
    Removing gd32e23x_usart.o(.ARM.exidx.text.usart_interrupt_enable), (8 bytes).
    Removing gd32e23x_usart.o(.text.usart_interrupt_disable), (34 bytes).
    Removing gd32e23x_usart.o(.ARM.exidx.text.usart_interrupt_disable), (8 bytes).
    Removing gd32e23x_usart.o(.text.usart_command_enable), (20 bytes).
    Removing gd32e23x_usart.o(.ARM.exidx.text.usart_command_enable), (8 bytes).
    Removing gd32e23x_usart.o(.ARM.exidx.text.usart_interrupt_flag_get), (8 bytes).
    Removing gd32e23x_usart.o(.text.usart_interrupt_flag_clear), (64 bytes).
    Removing gd32e23x_usart.o(.ARM.exidx.text.usart_interrupt_flag_clear), (8 bytes).
    Removing gd32e23x_wwdgt.o(.text), (0 bytes).
    Removing gd32e23x_wwdgt.o(.text.wwdgt_deinit), (28 bytes).
    Removing gd32e23x_wwdgt.o(.ARM.exidx.text.wwdgt_deinit), (8 bytes).
    Removing gd32e23x_wwdgt.o(.text.wwdgt_enable), (16 bytes).
    Removing gd32e23x_wwdgt.o(.ARM.exidx.text.wwdgt_enable), (8 bytes).
    Removing gd32e23x_wwdgt.o(.text.wwdgt_counter_update), (28 bytes).
    Removing gd32e23x_wwdgt.o(.ARM.exidx.text.wwdgt_counter_update), (8 bytes).
    Removing gd32e23x_wwdgt.o(.text.wwdgt_config), (52 bytes).
    Removing gd32e23x_wwdgt.o(.ARM.exidx.text.wwdgt_config), (8 bytes).
    Removing gd32e23x_wwdgt.o(.text.wwdgt_flag_get), (40 bytes).
    Removing gd32e23x_wwdgt.o(.ARM.exidx.text.wwdgt_flag_get), (8 bytes).
    Removing gd32e23x_wwdgt.o(.text.wwdgt_flag_clear), (16 bytes).
    Removing gd32e23x_wwdgt.o(.ARM.exidx.text.wwdgt_flag_clear), (8 bytes).
    Removing gd32e23x_wwdgt.o(.text.wwdgt_interrupt_enable), (20 bytes).
    Removing gd32e23x_wwdgt.o(.ARM.exidx.text.wwdgt_interrupt_enable), (8 bytes).
    Removing startup_gd32e23x.o(HEAP), (1024 bytes).
    Removing gd32e230c_eval.o(.text), (0 bytes).
    Removing gd32e230c_eval.o(.ARM.exidx.text.gd_eval_led_init), (8 bytes).
    Removing gd32e230c_eval.o(.ARM.exidx.text.gd_eval_led_on), (8 bytes).
    Removing gd32e230c_eval.o(.ARM.exidx.text.gd_eval_led_off), (8 bytes).
    Removing gd32e230c_eval.o(.ARM.exidx.text.gd_eval_led_toggle), (8 bytes).
    Removing gd32e230c_eval.o(.ARM.exidx.text.gd_eval_key_init), (8 bytes).
    Removing gd32e230c_eval.o(.ARM.exidx.text.gd_eval_key_state_get), (8 bytes).
    Removing gd32e230c_eval.o(.ARM.exidx.text.gd_eval_com_init), (8 bytes).
    Removing board_hw.o(.text), (0 bytes).
    Removing board_hw.o(.ARM.exidx.text.board_hw_initialize), (8 bytes).
    Removing board_hw.o(.text.board_hw_reset), (4 bytes).
    Removing board_hw.o(.ARM.exidx.text.board_hw_reset), (8 bytes).
    Removing board_hw.o(.text.__NVIC_SystemReset), (28 bytes).
    Removing board_hw.o(.ARM.exidx.text.__NVIC_SystemReset), (8 bytes).
    Removing lwrb.o(.text), (0 bytes).
    Removing lwrb.o(.ARM.exidx.text.lwrb_init), (8 bytes).
    Removing lwrb.o(.text.lwrb_is_ready), (88 bytes).
    Removing lwrb.o(.ARM.exidx.text.lwrb_is_ready), (8 bytes).
    Removing lwrb.o(.text.lwrb_free), (72 bytes).
    Removing lwrb.o(.ARM.exidx.text.lwrb_free), (8 bytes).
    Removing lwrb.o(.text.lwrb_set_evt_fn), (72 bytes).
    Removing lwrb.o(.ARM.exidx.text.lwrb_set_evt_fn), (8 bytes).
    Removing lwrb.o(.ARM.exidx.text.lwrb_write), (8 bytes).
    Removing lwrb.o(.ARM.exidx.text.lwrb_get_free), (8 bytes).
    Removing lwrb.o(.ARM.exidx.text.lwrb_read), (8 bytes).
    Removing lwrb.o(.ARM.exidx.text.lwrb_get_full), (8 bytes).
    Removing lwrb.o(.text.lwrb_peek), (300 bytes).
    Removing lwrb.o(.ARM.exidx.text.lwrb_peek), (8 bytes).
    Removing lwrb.o(.text.lwrb_reset), (104 bytes).
    Removing lwrb.o(.ARM.exidx.text.lwrb_reset), (8 bytes).
    Removing lwrb.o(.text.lwrb_get_linear_block_read_address), (84 bytes).
    Removing lwrb.o(.ARM.exidx.text.lwrb_get_linear_block_read_address), (8 bytes).
    Removing lwrb.o(.text.lwrb_get_linear_block_read_length), (140 bytes).
    Removing lwrb.o(.ARM.exidx.text.lwrb_get_linear_block_read_length), (8 bytes).
    Removing lwrb.o(.text.lwrb_skip), (184 bytes).
    Removing lwrb.o(.ARM.exidx.text.lwrb_skip), (8 bytes).
    Removing lwrb.o(.text.lwrb_get_linear_block_write_address), (84 bytes).
    Removing lwrb.o(.ARM.exidx.text.lwrb_get_linear_block_write_address), (8 bytes).
    Removing lwrb.o(.text.lwrb_get_linear_block_write_length), (136 bytes).
    Removing lwrb.o(.ARM.exidx.text.lwrb_get_linear_block_write_length), (8 bytes).
    Removing lwrb.o(.text.lwrb_advance), (184 bytes).
    Removing lwrb.o(.ARM.exidx.text.lwrb_advance), (8 bytes).
    Removing min.o(.text), (0 bytes).
    Removing min.o(.ARM.exidx.text.min_rx_feed), (8 bytes).
    Removing min.o(.ARM.exidx.text.rx_byte), (8 bytes).
    Removing min.o(.ARM.exidx.text.min_init_context), (8 bytes).
    Removing min.o(.ARM.exidx.text.min_tx_space), (8 bytes).
    Removing min.o(.ARM.exidx.text.min_send_frame), (8 bytes).
    Removing min.o(.ARM.exidx.text.on_wire_bytes), (8 bytes).
    Removing min.o(.text.min_estimate_frame_output_size), (68 bytes).
    Removing min.o(.ARM.exidx.text.min_estimate_frame_output_size), (8 bytes).
    Removing min.o(.text.on_wire_output_size), (272 bytes).
    Removing min.o(.ARM.exidx.text.on_wire_output_size), (8 bytes).
    Removing min.o(.text.min_build_raw_frame_output), (76 bytes).
    Removing min.o(.ARM.exidx.text.min_build_raw_frame_output), (8 bytes).
    Removing min.o(.text.on_wire_output_buffer), (340 bytes).
    Removing min.o(.ARM.exidx.text.on_wire_output_buffer), (8 bytes).
    Removing min.o(.text.min_timeout_poll), (194 bytes).
    Removing min.o(.ARM.exidx.text.min_timeout_poll), (8 bytes).
    Removing min.o(.ARM.exidx.text.crc32_init_context), (8 bytes).
    Removing min.o(.ARM.exidx.text.crc32_step), (8 bytes).
    Removing min.o(.ARM.exidx.text.crc32_finalize), (8 bytes).
    Removing min.o(.ARM.exidx.text.valid_frame_received), (8 bytes).
    Removing min.o(.ARM.exidx.text.min_tx_byte), (8 bytes).
    Removing min.o(.ARM.exidx.text.stuffed_tx_byte), (8 bytes).
    Removing min.o(.text.stuffed_tx_size), (172 bytes).
    Removing min.o(.ARM.exidx.text.stuffed_tx_size), (8 bytes).
    Removing min.o(.text.stuffed_tx_output), (192 bytes).
    Removing min.o(.ARM.exidx.text.stuffed_tx_output), (8 bytes).

1072 unused section(s) (total 35876 bytes) removed from the image.

==============================================================================

Image Symbol Table

    Local Symbols

    Symbol Name                              Value     Ov Type        Size  Object(Section)

    ../clib/division.s                       0x00000000   Number         0  aeabi_sdiv.o ABSOLUTE
    ../clib/division.s                       0x00000000   Number         0  aeabi_sdiv_div0.o ABSOLUTE
    ../clib/microlib/division.c              0x00000000   Number         0  uidiv.o ABSOLUTE
    ../clib/microlib/division.c              0x00000000   Number         0  uldiv.o ABSOLUTE
    ../clib/microlib/division.c              0x00000000   Number         0  uidiv_div0.o ABSOLUTE
    ../clib/microlib/division.c              0x00000000   Number         0  idiv_div0.o ABSOLUTE
    ../clib/microlib/division.c              0x00000000   Number         0  idiv0.o ABSOLUTE
    ../clib/microlib/init/entry.s            0x00000000   Number         0  entry.o ABSOLUTE
    ../clib/microlib/init/entry.s            0x00000000   Number         0  entry2.o ABSOLUTE
    ../clib/microlib/init/entry.s            0x00000000   Number         0  entry5.o ABSOLUTE
    ../clib/microlib/init/entry.s            0x00000000   Number         0  entry7a.o ABSOLUTE
    ../clib/microlib/init/entry.s            0x00000000   Number         0  entry7b.o ABSOLUTE
    ../clib/microlib/init/entry.s            0x00000000   Number         0  entry8a.o ABSOLUTE
    ../clib/microlib/init/entry.s            0x00000000   Number         0  entry8b.o ABSOLUTE
    ../clib/microlib/init/entry.s            0x00000000   Number         0  entry9a.o ABSOLUTE
    ../clib/microlib/init/entry.s            0x00000000   Number         0  entry9b.o ABSOLUTE
    ../clib/microlib/init/entry.s            0x00000000   Number         0  entry10a.o ABSOLUTE
    ../clib/microlib/init/entry.s            0x00000000   Number         0  entry10b.o ABSOLUTE
    ../clib/microlib/init/entry.s            0x00000000   Number         0  entry11a.o ABSOLUTE
    ../clib/microlib/init/entry.s            0x00000000   Number         0  entry11b.o ABSOLUTE
    ../clib/microlib/longlong.c              0x00000000   Number         0  llshl.o ABSOLUTE
    ../clib/microlib/longlong.c              0x00000000   Number         0  llushr.o ABSOLUTE
    ../clib/microlib/longlong.c              0x00000000   Number         0  llsshr.o ABSOLUTE
    ../clib/microlib/printf/printf.c         0x00000000   Number         0  printfa.o ABSOLUTE
    ../clib/microlib/stdio/streams.c         0x00000000   Number         0  stdout.o ABSOLUTE
    ../clib/microlib/string/memcpy.c         0x00000000   Number         0  memcpya.o ABSOLUTE
    ../clib/microlib/string/memcpy.c         0x00000000   Number         0  memcpyb.o ABSOLUTE
    ../clib/microlib/string/memset.c         0x00000000   Number         0  memseta.o ABSOLUTE
    ../clib/microlib/stubs.s                 0x00000000   Number         0  iusefp.o ABSOLUTE
    ../fplib/microlib/fpadd.c                0x00000000   Number         0  dadd.o ABSOLUTE
    ../fplib/microlib/fpdiv.c                0x00000000   Number         0  ddiv.o ABSOLUTE
    ../fplib/microlib/fpepilogue.c           0x00000000   Number         0  depilogue.o ABSOLUTE
    ../fplib/microlib/fpfix.c                0x00000000   Number         0  dfixul.o ABSOLUTE
    ../fplib/microlib/fpmul.c                0x00000000   Number         0  dmul.o ABSOLUTE
    ..\..\Firmware\CMSIS\GD\GD32E23x\Source\ARM\startup_gd32e23x.s 0x00000000   Number         0  startup_gd32e23x.o ABSOLUTE
    board_hw.c                               0x00000000   Number         0  board_hw.o ABSOLUTE
    cdrcmple.s                               0x00000000   Number         0  cdrcmple.o ABSOLUTE
    dc.s                                     0x00000000   Number         0  dc.o ABSOLUTE
    gd32e230c_eval.c                         0x00000000   Number         0  gd32e230c_eval.o ABSOLUTE
    gd32e23x_adc.c                           0x00000000   Number         0  gd32e23x_adc.o ABSOLUTE
    gd32e23x_cmp.c                           0x00000000   Number         0  gd32e23x_cmp.o ABSOLUTE
    gd32e23x_crc.c                           0x00000000   Number         0  gd32e23x_crc.o ABSOLUTE
    gd32e23x_dbg.c                           0x00000000   Number         0  gd32e23x_dbg.o ABSOLUTE
    gd32e23x_dma.c                           0x00000000   Number         0  gd32e23x_dma.o ABSOLUTE
    gd32e23x_exti.c                          0x00000000   Number         0  gd32e23x_exti.o ABSOLUTE
    gd32e23x_fmc.c                           0x00000000   Number         0  gd32e23x_fmc.o ABSOLUTE
    gd32e23x_fwdgt.c                         0x00000000   Number         0  gd32e23x_fwdgt.o ABSOLUTE
    gd32e23x_gpio.c                          0x00000000   Number         0  gd32e23x_gpio.o ABSOLUTE
    gd32e23x_i2c.c                           0x00000000   Number         0  gd32e23x_i2c.o ABSOLUTE
    gd32e23x_it.c                            0x00000000   Number         0  gd32e23x_it.o ABSOLUTE
    gd32e23x_misc.c                          0x00000000   Number         0  gd32e23x_misc.o ABSOLUTE
    gd32e23x_pmu.c                           0x00000000   Number         0  gd32e23x_pmu.o ABSOLUTE
    gd32e23x_rcu.c                           0x00000000   Number         0  gd32e23x_rcu.o ABSOLUTE
    gd32e23x_rtc.c                           0x00000000   Number         0  gd32e23x_rtc.o ABSOLUTE
    gd32e23x_spi.c                           0x00000000   Number         0  gd32e23x_spi.o ABSOLUTE
    gd32e23x_syscfg.c                        0x00000000   Number         0  gd32e23x_syscfg.o ABSOLUTE
    gd32e23x_timer.c                         0x00000000   Number         0  gd32e23x_timer.o ABSOLUTE
    gd32e23x_usart.c                         0x00000000   Number         0  gd32e23x_usart.o ABSOLUTE
    gd32e23x_wwdgt.c                         0x00000000   Number         0  gd32e23x_wwdgt.o ABSOLUTE
    handlers.s                               0x00000000   Number         0  handlers.o ABSOLUTE
    init.s                                   0x00000000   Number         0  init.o ABSOLUTE
    lwrb.c                                   0x00000000   Number         0  lwrb.o ABSOLUTE
    main.c                                   0x00000000   Number         0  main.o ABSOLUTE
    min.c                                    0x00000000   Number         0  min.o ABSOLUTE
    system_gd32e23x.c                        0x00000000   Number         0  system_gd32e23x.o ABSOLUTE
    systick.c                                0x00000000   Number         0  systick.o ABSOLUTE
    RESET                                    0x08000000   Section      204  startup_gd32e23x.o(RESET)
    .ARM.Collect$$$$00000000                 0x080000cc   Section        0  entry.o(.ARM.Collect$$$$00000000)
    .ARM.Collect$$$$00000001                 0x080000cc   Section        4  entry2.o(.ARM.Collect$$$$00000001)
    .ARM.Collect$$$$00000004                 0x080000d0   Section        4  entry5.o(.ARM.Collect$$$$00000004)
    .ARM.Collect$$$$00000008                 0x080000d4   Section        0  entry7b.o(.ARM.Collect$$$$00000008)
    .ARM.Collect$$$$0000000A                 0x080000d4   Section        0  entry8b.o(.ARM.Collect$$$$0000000A)
    .ARM.Collect$$$$0000000B                 0x080000d4   Section        8  entry9a.o(.ARM.Collect$$$$0000000B)
    __lit__00000000                          0x080000dc   Data           4  entry2.o(.ARM.Collect$$$$00002712)
    .ARM.Collect$$$$0000000D                 0x080000dc   Section        0  entry10a.o(.ARM.Collect$$$$0000000D)
    .ARM.Collect$$$$0000000F                 0x080000dc   Section        0  entry11a.o(.ARM.Collect$$$$0000000F)
    .ARM.Collect$$$$00002712                 0x080000dc   Section        4  entry2.o(.ARM.Collect$$$$00002712)
    .text                                    0x080000e0   Section       28  startup_gd32e23x.o(.text)
    .text                                    0x080000fc   Section        0  memcpya.o(.text)
    .text                                    0x08000120   Section        0  memseta.o(.text)
    .text                                    0x08000144   Section        0  uldiv.o(.text)
    .text                                    0x080001a4   Section        0  iusefp.o(.text)
    .text                                    0x080001a4   Section        0  dadd.o(.text)
    .text                                    0x08000308   Section        0  dmul.o(.text)
    .text                                    0x080003d8   Section        0  ddiv.o(.text)
    .text                                    0x080004c8   Section        0  dfixul.o(.text)
    .text                                    0x08000508   Section       40  cdrcmple.o(.text)
    .text                                    0x08000530   Section       36  init.o(.text)
    .text                                    0x08000554   Section        0  uidiv_div0.o(.text)
    .text                                    0x08000592   Section        0  llshl.o(.text)
    .text                                    0x080005b2   Section        0  llushr.o(.text)
    .text                                    0x080005d4   Section        0  llsshr.o(.text)
    .text                                    0x080005fa   Section        0  depilogue.o(.text)
    [Anonymous Symbol]                       0x080006b8   Section        0  gd32e23x_it.o(.text.HardFault_Handler)
    [Anonymous Symbol]                       0x080006bc   Section        0  gd32e23x_it.o(.text.NMI_Handler)
    [Anonymous Symbol]                       0x080006be   Section        0  gd32e23x_it.o(.text.PendSV_Handler)
    [Anonymous Symbol]                       0x080006c0   Section        0  gd32e23x_it.o(.text.SPI0_IRQHandler)
    __arm_cp.7_0                             0x080006ec   Number         4  gd32e23x_it.o(.text.SPI0_IRQHandler)
    __arm_cp.7_1                             0x080006f0   Number         4  gd32e23x_it.o(.text.SPI0_IRQHandler)
    __arm_cp.7_2                             0x080006f4   Number         4  gd32e23x_it.o(.text.SPI0_IRQHandler)
    __arm_cp.7_3                             0x080006f8   Number         4  gd32e23x_it.o(.text.SPI0_IRQHandler)
    [Anonymous Symbol]                       0x080006fc   Section        0  gd32e23x_it.o(.text.SVC_Handler)
    SysTick_Config                           0x08000701   Thumb Code    64  systick.o(.text.SysTick_Config)
    [Anonymous Symbol]                       0x08000700   Section        0  systick.o(.text.SysTick_Config)
    __arm_cp.1_0                             0x08000740   Number         4  systick.o(.text.SysTick_Config)
    __arm_cp.1_1                             0x08000744   Number         4  systick.o(.text.SysTick_Config)
    __arm_cp.1_2                             0x08000748   Number         4  systick.o(.text.SysTick_Config)
    [Anonymous Symbol]                       0x0800074c   Section        0  gd32e23x_it.o(.text.SysTick_Handler)
    [Anonymous Symbol]                       0x08000758   Section        0  system_gd32e23x.o(.text.SystemInit)
    __arm_cp.0_0                             0x08000830   Number         4  system_gd32e23x.o(.text.SystemInit)
    __arm_cp.0_1                             0x08000834   Number         4  system_gd32e23x.o(.text.SystemInit)
    __arm_cp.0_2                             0x08000838   Number         4  system_gd32e23x.o(.text.SystemInit)
    __arm_cp.0_3                             0x0800083c   Number         4  system_gd32e23x.o(.text.SystemInit)
    __arm_cp.0_4                             0x08000840   Number         4  system_gd32e23x.o(.text.SystemInit)
    __arm_cp.0_5                             0x08000844   Number         4  system_gd32e23x.o(.text.SystemInit)
    __arm_cp.0_6                             0x08000848   Number         4  system_gd32e23x.o(.text.SystemInit)
    __arm_cp.0_7                             0x0800084c   Number         4  system_gd32e23x.o(.text.SystemInit)
    __arm_cp.0_8                             0x08000850   Number         4  system_gd32e23x.o(.text.SystemInit)
    [Anonymous Symbol]                       0x08000854   Section        0  gd32e23x_it.o(.text.USART0_IRQHandler)
    __arm_cp.5_0                             0x08000874   Number         4  gd32e23x_it.o(.text.USART0_IRQHandler)
    __arm_cp.5_1                             0x08000878   Number         4  gd32e23x_it.o(.text.USART0_IRQHandler)
    __arm_cp.5_2                             0x0800087c   Number         4  gd32e23x_it.o(.text.USART0_IRQHandler)
    [Anonymous Symbol]                       0x08000880   Section        0  gd32e23x_it.o(.text.USART1_IRQHandler)
    __NVIC_EnableIRQ                         0x08000885   Thumb Code    48  gd32e23x_misc.o(.text.__NVIC_EnableIRQ)
    [Anonymous Symbol]                       0x08000884   Section        0  gd32e23x_misc.o(.text.__NVIC_EnableIRQ)
    __arm_cp.2_0                             0x080008b4   Number         4  gd32e23x_misc.o(.text.__NVIC_EnableIRQ)
    __NVIC_SetPriority                       0x080008b9   Thumb Code   128  systick.o(.text.__NVIC_SetPriority)
    [Anonymous Symbol]                       0x080008b8   Section        0  systick.o(.text.__NVIC_SetPriority)
    __NVIC_SetPriority                       0x08000939   Thumb Code   128  gd32e23x_misc.o(.text.__NVIC_SetPriority)
    [Anonymous Symbol]                       0x08000938   Section        0  gd32e23x_misc.o(.text.__NVIC_SetPriority)
    __arm_cp.1_0                             0x080009b8   Number         4  gd32e23x_misc.o(.text.__NVIC_SetPriority)
    __arm_cp.1_1                             0x080009bc   Number         4  gd32e23x_misc.o(.text.__NVIC_SetPriority)
    [Anonymous Symbol]                       0x080009c0   Section        0  board_hw.o(.text.board_hw_initialize)
    __arm_cp.0_0                             0x08000d48   Number         4  board_hw.o(.text.board_hw_initialize)
    __arm_cp.0_1                             0x08000d4c   Number         4  board_hw.o(.text.board_hw_initialize)
    __arm_cp.0_2                             0x08000d50   Number         4  board_hw.o(.text.board_hw_initialize)
    __arm_cp.0_3                             0x08000d54   Number         4  board_hw.o(.text.board_hw_initialize)
    __arm_cp.0_4                             0x08000d58   Number         4  board_hw.o(.text.board_hw_initialize)
    __arm_cp.0_5                             0x08000d5c   Number         4  board_hw.o(.text.board_hw_initialize)
    __arm_cp.0_6                             0x08000d60   Number         4  board_hw.o(.text.board_hw_initialize)
    __arm_cp.0_7                             0x08000d64   Number         4  board_hw.o(.text.board_hw_initialize)
    __arm_cp.0_8                             0x08000d68   Number         4  board_hw.o(.text.board_hw_initialize)
    __arm_cp.0_9                             0x08000d6c   Number         4  board_hw.o(.text.board_hw_initialize)
    [Anonymous Symbol]                       0x08000d70   Section        0  main.o(.text.build_min_tx_data_from_spi)
    crc32_finalize                           0x08000d9f   Thumb Code    14  min.o(.text.crc32_finalize)
    [Anonymous Symbol]                       0x08000d9e   Section        0  min.o(.text.crc32_finalize)
    crc32_init_context                       0x08000dad   Thumb Code    16  min.o(.text.crc32_init_context)
    [Anonymous Symbol]                       0x08000dac   Section        0  min.o(.text.crc32_init_context)
    crc32_step                               0x08000dbd   Thumb Code    76  min.o(.text.crc32_step)
    [Anonymous Symbol]                       0x08000dbc   Section        0  min.o(.text.crc32_step)
    __arm_cp.12_0                            0x08000e08   Number         4  min.o(.text.crc32_step)
    [Anonymous Symbol]                       0x08000e0c   Section        0  systick.o(.text.delay_1ms)
    [Anonymous Symbol]                       0x08000e28   Section        0  systick.o(.text.delay_decrement)
    __arm_cp.4_0                             0x08000e3c   Number         4  systick.o(.text.delay_decrement)
    [Anonymous Symbol]                       0x08000e40   Section        0  gd32e23x_exti.o(.text.exti_init)
    __arm_cp.1_0                             0x08000f10   Number         4  gd32e23x_exti.o(.text.exti_init)
    __arm_cp.1_1                             0x08000f14   Number         4  gd32e23x_exti.o(.text.exti_init)
    __arm_cp.1_2                             0x08000f18   Number         4  gd32e23x_exti.o(.text.exti_init)
    __arm_cp.1_3                             0x08000f1c   Number         4  gd32e23x_exti.o(.text.exti_init)
    [Anonymous Symbol]                       0x08000f20   Section        0  gd32e23x_exti.o(.text.exti_interrupt_flag_clear)
    __arm_cp.11_0                            0x08000f30   Number         4  gd32e23x_exti.o(.text.exti_interrupt_flag_clear)
    [Anonymous Symbol]                       0x08000f34   Section        0  main.o(.text.fputc)
    __arm_cp.2_0                             0x08000f5c   Number         4  main.o(.text.fputc)
    __arm_cp.2_1                             0x08000f60   Number         4  main.o(.text.fputc)
    [Anonymous Symbol]                       0x08000f64   Section        0  gd32e230c_eval.o(.text.gd_eval_com_init)
    __arm_cp.6_0                             0x08001020   Number         4  gd32e230c_eval.o(.text.gd_eval_com_init)
    __arm_cp.6_1                             0x08001024   Number         4  gd32e230c_eval.o(.text.gd_eval_com_init)
    __arm_cp.6_2                             0x08001028   Number         4  gd32e230c_eval.o(.text.gd_eval_com_init)
    __arm_cp.6_3                             0x0800102c   Number         4  gd32e230c_eval.o(.text.gd_eval_com_init)
    [Anonymous Symbol]                       0x08001030   Section        0  gd32e230c_eval.o(.text.gd_eval_key_init)
    __arm_cp.4_0                             0x080010c0   Number         4  gd32e230c_eval.o(.text.gd_eval_key_init)
    __arm_cp.4_3                             0x080010c4   Number         4  gd32e230c_eval.o(.text.gd_eval_key_init)
    __arm_cp.4_4                             0x080010c8   Number         4  gd32e230c_eval.o(.text.gd_eval_key_init)
    __arm_cp.4_5                             0x080010cc   Number         4  gd32e230c_eval.o(.text.gd_eval_key_init)
    __arm_cp.4_6                             0x080010d0   Number         4  gd32e230c_eval.o(.text.gd_eval_key_init)
    [Anonymous Symbol]                       0x080010d4   Section        0  gd32e230c_eval.o(.text.gd_eval_key_state_get)
    __arm_cp.5_0                             0x080010f4   Number         4  gd32e230c_eval.o(.text.gd_eval_key_state_get)
    __arm_cp.5_1                             0x080010f8   Number         4  gd32e230c_eval.o(.text.gd_eval_key_state_get)
    [Anonymous Symbol]                       0x080010fc   Section        0  gd32e230c_eval.o(.text.gd_eval_led_init)
    __arm_cp.0_0                             0x0800115c   Number         4  gd32e230c_eval.o(.text.gd_eval_led_init)
    [Anonymous Symbol]                       0x08001160   Section        0  gd32e230c_eval.o(.text.gd_eval_led_off)
    [Anonymous Symbol]                       0x0800117c   Section        0  gd32e230c_eval.o(.text.gd_eval_led_on)
    [Anonymous Symbol]                       0x08001198   Section        0  gd32e230c_eval.o(.text.gd_eval_led_toggle)
    __arm_cp.3_0                             0x080011b4   Number         4  gd32e230c_eval.o(.text.gd_eval_led_toggle)
    __arm_cp.3_1                             0x080011b8   Number         4  gd32e230c_eval.o(.text.gd_eval_led_toggle)
    [Anonymous Symbol]                       0x080011bc   Section        0  gd32e23x_gpio.o(.text.gpio_af_set)
    [Anonymous Symbol]                       0x0800127c   Section        0  gd32e23x_gpio.o(.text.gpio_bit_reset)
    [Anonymous Symbol]                       0x0800128c   Section        0  gd32e23x_gpio.o(.text.gpio_bit_set)
    [Anonymous Symbol]                       0x0800129c   Section        0  gd32e23x_gpio.o(.text.gpio_input_bit_get)
    [Anonymous Symbol]                       0x080012c6   Section        0  gd32e23x_gpio.o(.text.gpio_mode_set)
    [Anonymous Symbol]                       0x08001354   Section        0  gd32e23x_gpio.o(.text.gpio_output_options_set)
    [Anonymous Symbol]                       0x080013e0   Section        0  main.o(.text.led_spark)
    __arm_cp.0_0                             0x0800141c   Number         4  main.o(.text.led_spark)
    [Anonymous Symbol]                       0x08001420   Section        0  lwrb.o(.text.lwrb_get_free)
    [Anonymous Symbol]                       0x080014ac   Section        0  lwrb.o(.text.lwrb_get_full)
    [Anonymous Symbol]                       0x08001534   Section        0  lwrb.o(.text.lwrb_init)
    [Anonymous Symbol]                       0x08001588   Section        0  lwrb.o(.text.lwrb_read)
    [Anonymous Symbol]                       0x080016b4   Section        0  lwrb.o(.text.lwrb_write)
    __arm_cp.4_0                             0x080017e0   Number         4  lwrb.o(.text.lwrb_write)
    __arm_cp.4_1                             0x080017e4   Number         4  lwrb.o(.text.lwrb_write)
    [Anonymous Symbol]                       0x080017e8   Section        0  main.o(.text.main)
    __arm_cp.8_0                             0x08001954   Number         4  main.o(.text.main)
    __arm_cp.8_1                             0x08001958   Number         4  main.o(.text.main)
    __arm_cp.8_2                             0x0800195c   Number         4  main.o(.text.main)
    __arm_cp.8_3                             0x08001960   Number         4  main.o(.text.main)
    __arm_cp.8_4                             0x08001964   Number         4  main.o(.text.main)
    __arm_cp.8_5                             0x08001968   Number         4  main.o(.text.main)
    __arm_cp.8_6                             0x0800196c   Number         4  main.o(.text.main)
    __arm_cp.8_7                             0x08001970   Number         4  main.o(.text.main)
    __arm_cp.8_8                             0x08001974   Number         4  main.o(.text.main)
    __arm_cp.8_10                            0x08001978   Number         4  main.o(.text.main)
    __arm_cp.8_11                            0x0800197c   Number         4  main.o(.text.main)
    __arm_cp.8_12                            0x08001980   Number         4  main.o(.text.main)
    __arm_cp.8_13                            0x08001984   Number         4  main.o(.text.main)
    __arm_cp.8_14                            0x08001988   Number         4  main.o(.text.main)
    __arm_cp.8_15                            0x0800198c   Number         4  main.o(.text.main)
    __arm_cp.8_17                            0x08001990   Number         4  main.o(.text.main)
    __arm_cp.8_18                            0x08001994   Number         4  main.o(.text.main)
    __arm_cp.8_19                            0x08001998   Number         4  main.o(.text.main)
    __arm_cp.8_20                            0x0800199c   Number         4  main.o(.text.main)
    __arm_cp.8_21                            0x080019a0   Number         4  main.o(.text.main)
    __arm_cp.8_22                            0x080019a4   Number         4  main.o(.text.main)
    [Anonymous Symbol]                       0x080019a8   Section        0  min.o(.text.min_init_context)
    [Anonymous Symbol]                       0x080019c4   Section        0  main.o(.text.min_rx_callback)
    __arm_cp.4_0                             0x080019fc   Number         4  main.o(.text.min_rx_callback)
    __arm_cp.4_1                             0x08001a00   Number         4  main.o(.text.min_rx_callback)
    [Anonymous Symbol]                       0x08001a04   Section        0  min.o(.text.min_rx_feed)
    [Anonymous Symbol]                       0x08001a7c   Section        0  min.o(.text.min_send_frame)
    __arm_cp.4_0                             0x08001ad0   Number         4  min.o(.text.min_send_frame)
    [Anonymous Symbol]                       0x08001ad4   Section        0  main.o(.text.min_tx_byte)
    __arm_cp.5_0                             0x08001afc   Number         4  main.o(.text.min_tx_byte)
    __arm_cp.5_1                             0x08001b00   Number         4  main.o(.text.min_tx_byte)
    min_tx_byte                              0x08001b05   Thumb Code   136  min.o(.text.min_tx_byte)
    [Anonymous Symbol]                       0x08001b04   Section        0  min.o(.text.min_tx_byte)
    [Anonymous Symbol]                       0x08001b8c   Section        0  min.o(.text.min_tx_space)
    [Anonymous Symbol]                       0x08001bbc   Section        0  gd32e23x_misc.o(.text.nvic_irq_enable)
    [Anonymous Symbol]                       0x08001be8   Section        0  gd32e23x_misc.o(.text.nvic_vector_table_set)
    __arm_cp.7_0                             0x08001c04   Number         4  gd32e23x_misc.o(.text.nvic_vector_table_set)
    __arm_cp.7_1                             0x08001c08   Number         4  gd32e23x_misc.o(.text.nvic_vector_table_set)
    on_wire_bytes                            0x08001c0d   Thumb Code   356  min.o(.text.on_wire_bytes)
    [Anonymous Symbol]                       0x08001c0c   Section        0  min.o(.text.on_wire_bytes)
    [Anonymous Symbol]                       0x08001d70   Section        0  gd32e23x_rcu.o(.text.rcu_clock_freq_get)
    __arm_cp.33_0                            0x08002044   Number         4  gd32e23x_rcu.o(.text.rcu_clock_freq_get)
    __arm_cp.33_1                            0x08002048   Number         4  gd32e23x_rcu.o(.text.rcu_clock_freq_get)
    __arm_cp.33_2                            0x0800204c   Number         4  gd32e23x_rcu.o(.text.rcu_clock_freq_get)
    __arm_cp.33_3                            0x08002050   Number         4  gd32e23x_rcu.o(.text.rcu_clock_freq_get)
    __arm_cp.33_4                            0x08002054   Number         4  gd32e23x_rcu.o(.text.rcu_clock_freq_get)
    __arm_cp.33_5                            0x08002058   Number         4  gd32e23x_rcu.o(.text.rcu_clock_freq_get)
    __arm_cp.33_6                            0x0800205c   Number         4  gd32e23x_rcu.o(.text.rcu_clock_freq_get)
    __arm_cp.33_7                            0x08002060   Number         4  gd32e23x_rcu.o(.text.rcu_clock_freq_get)
    __arm_cp.33_8                            0x08002064   Number         4  gd32e23x_rcu.o(.text.rcu_clock_freq_get)
    [Anonymous Symbol]                       0x08002068   Section        0  gd32e23x_rcu.o(.text.rcu_periph_clock_enable)
    [Anonymous Symbol]                       0x0800208c   Section        0  gd32e23x_rcu.o(.text.rcu_periph_reset_disable)
    [Anonymous Symbol]                       0x080020b0   Section        0  gd32e23x_rcu.o(.text.rcu_periph_reset_enable)
    __arm_cp.5_0                             0x080020d4   Number         4  gd32e23x_rcu.o(.text.rcu_periph_reset_enable)
    rx_byte                                  0x080020d9   Thumb Code   526  min.o(.text.rx_byte)
    [Anonymous Symbol]                       0x080020d8   Section        0  min.o(.text.rx_byte)
    [Anonymous Symbol]                       0x080022e8   Section        0  main.o(.text.send_min_data)
    __arm_cp.6_0                             0x080022fc   Number         4  main.o(.text.send_min_data)
    [Anonymous Symbol]                       0x08002300   Section        0  main.o(.text.spi_config)
    [Anonymous Symbol]                       0x08002340   Section        0  gd32e23x_spi.o(.text.spi_enable)
    [Anonymous Symbol]                       0x08002354   Section        0  gd32e23x_spi.o(.text.spi_i2s_data_receive)
    [Anonymous Symbol]                       0x080023a0   Section        0  gd32e23x_spi.o(.text.spi_i2s_deinit)
    __arm_cp.0_0                             0x080023e4   Number         4  gd32e23x_spi.o(.text.spi_i2s_deinit)
    __arm_cp.0_2                             0x080023e8   Number         4  gd32e23x_spi.o(.text.spi_i2s_deinit)
    [Anonymous Symbol]                       0x080023ec   Section        0  gd32e23x_spi.o(.text.spi_i2s_interrupt_flag_get)
    [Anonymous Symbol]                       0x080024d4   Section        0  gd32e23x_spi.o(.text.spi_init)
    __arm_cp.2_0                             0x08002604   Number         4  gd32e23x_spi.o(.text.spi_init)
    __arm_cp.2_1                             0x08002608   Number         4  gd32e23x_spi.o(.text.spi_init)
    [Anonymous Symbol]                       0x0800260c   Section        0  gd32e23x_spi.o(.text.spi_struct_para_init)
    stuffed_tx_byte                          0x08002637   Thumb Code    98  min.o(.text.stuffed_tx_byte)
    [Anonymous Symbol]                       0x08002636   Section        0  min.o(.text.stuffed_tx_byte)
    [Anonymous Symbol]                       0x08002698   Section        0  main.o(.text.sys_get_ms)
    __arm_cp.3_0                             0x080026a0   Number         4  main.o(.text.sys_get_ms)
    [Anonymous Symbol]                       0x080026a4   Section        0  gd32e23x_syscfg.o(.text.syscfg_exti_line_config)
    __arm_cp.5_0                             0x08002748   Number         4  gd32e23x_syscfg.o(.text.syscfg_exti_line_config)
    __arm_cp.5_1                             0x0800274c   Number         4  gd32e23x_syscfg.o(.text.syscfg_exti_line_config)
    __arm_cp.5_2                             0x08002750   Number         4  gd32e23x_syscfg.o(.text.syscfg_exti_line_config)
    __arm_cp.5_3                             0x08002754   Number         4  gd32e23x_syscfg.o(.text.syscfg_exti_line_config)
    system_clock_72m_irc8m                   0x08002759   Thumb Code   204  system_gd32e23x.o(.text.system_clock_72m_irc8m)
    [Anonymous Symbol]                       0x08002758   Section        0  system_gd32e23x.o(.text.system_clock_72m_irc8m)
    __arm_cp.3_0                             0x08002824   Number         4  system_gd32e23x.o(.text.system_clock_72m_irc8m)
    __arm_cp.3_1                             0x08002828   Number         4  system_gd32e23x.o(.text.system_clock_72m_irc8m)
    __arm_cp.3_2                             0x0800282c   Number         4  system_gd32e23x.o(.text.system_clock_72m_irc8m)
    __arm_cp.3_3                             0x08002830   Number         4  system_gd32e23x.o(.text.system_clock_72m_irc8m)
    __arm_cp.3_4                             0x08002834   Number         4  system_gd32e23x.o(.text.system_clock_72m_irc8m)
    system_clock_config                      0x08002839   Thumb Code     8  system_gd32e23x.o(.text.system_clock_config)
    [Anonymous Symbol]                       0x08002838   Section        0  system_gd32e23x.o(.text.system_clock_config)
    [Anonymous Symbol]                       0x08002840   Section        0  systick.o(.text.systick_config)
    __arm_cp.0_0                             0x08002864   Number         4  systick.o(.text.systick_config)
    [Anonymous Symbol]                       0x08002868   Section        0  main.o(.text.uart0_handler)
    __arm_cp.9_1                             0x08002884   Number         4  main.o(.text.uart0_handler)
    [Anonymous Symbol]                       0x08002888   Section        0  gd32e23x_usart.o(.text.usart_baudrate_set)
    __arm_cp.1_2                             0x08002934   Number         4  gd32e23x_usart.o(.text.usart_baudrate_set)
    [Anonymous Symbol]                       0x08002938   Section        0  gd32e23x_usart.o(.text.usart_data_receive)
    [Anonymous Symbol]                       0x08002948   Section        0  gd32e23x_usart.o(.text.usart_data_transmit)
    __arm_cp.18_0                            0x0800295c   Number         4  gd32e23x_usart.o(.text.usart_data_transmit)
    [Anonymous Symbol]                       0x08002960   Section        0  gd32e23x_usart.o(.text.usart_deinit)
    __arm_cp.0_0                             0x080029a4   Number         4  gd32e23x_usart.o(.text.usart_deinit)
    __arm_cp.0_1                             0x080029a8   Number         4  gd32e23x_usart.o(.text.usart_deinit)
    __arm_cp.0_2                             0x080029ac   Number         4  gd32e23x_usart.o(.text.usart_deinit)
    __arm_cp.0_3                             0x080029b0   Number         4  gd32e23x_usart.o(.text.usart_deinit)
    [Anonymous Symbol]                       0x080029b4   Section        0  gd32e23x_usart.o(.text.usart_enable)
    [Anonymous Symbol]                       0x080029c6   Section        0  gd32e23x_usart.o(.text.usart_flag_clear)
    [Anonymous Symbol]                       0x080029e4   Section        0  gd32e23x_usart.o(.text.usart_flag_get)
    [Anonymous Symbol]                       0x08002a20   Section        0  gd32e23x_usart.o(.text.usart_interrupt_enable)
    [Anonymous Symbol]                       0x08002a42   Section        0  gd32e23x_usart.o(.text.usart_interrupt_flag_get)
    [Anonymous Symbol]                       0x08002aa4   Section        0  gd32e23x_usart.o(.text.usart_receive_config)
    [Anonymous Symbol]                       0x08002ac2   Section        0  gd32e23x_usart.o(.text.usart_transmit_config)
    valid_frame_received                     0x08002ae1   Thumb Code    68  min.o(.text.valid_frame_received)
    [Anonymous Symbol]                       0x08002ae0   Section        0  min.o(.text.valid_frame_received)
    i.__0printf                              0x08002b24   Section        0  printfa.o(i.__0printf)
    i.__ARM_clz                              0x08002b44   Section        0  depilogue.o(i.__ARM_clz)
    i.__scatterload_copy                     0x08002b72   Section       14  handlers.o(i.__scatterload_copy)
    i.__scatterload_null                     0x08002b80   Section        2  handlers.o(i.__scatterload_null)
    i.__scatterload_zeroinit                 0x08002b82   Section       14  handlers.o(i.__scatterload_zeroinit)
    _fp_digits                               0x08002b91   Thumb Code   344  printfa.o(i._fp_digits)
    i._fp_digits                             0x08002b90   Section        0  printfa.o(i._fp_digits)
    _printf_core                             0x08002d05   Thumb Code  1754  printfa.o(i._printf_core)
    i._printf_core                           0x08002d04   Section        0  printfa.o(i._printf_core)
    _printf_post_padding                     0x080033f1   Thumb Code    32  printfa.o(i._printf_post_padding)
    i._printf_post_padding                   0x080033f0   Section        0  printfa.o(i._printf_post_padding)
    _printf_pre_padding                      0x08003411   Thumb Code    44  printfa.o(i._printf_pre_padding)
    i._printf_pre_padding                    0x08003410   Section        0  printfa.o(i._printf_pre_padding)
    COM_CLK                                  0x0800343c   Data           2  gd32e230c_eval.o(.rodata.COM_CLK)
    [Anonymous Symbol]                       0x0800343c   Section        0  gd32e230c_eval.o(.rodata.COM_CLK)
    COM_RX_PIN                               0x08003440   Data           4  gd32e230c_eval.o(.rodata.COM_RX_PIN)
    [Anonymous Symbol]                       0x08003440   Section        0  gd32e230c_eval.o(.rodata.COM_RX_PIN)
    COM_TX_PIN                               0x08003444   Data           4  gd32e230c_eval.o(.rodata.COM_TX_PIN)
    [Anonymous Symbol]                       0x08003444   Section        0  gd32e230c_eval.o(.rodata.COM_TX_PIN)
    GPIO_CLK                                 0x08003448   Data           8  gd32e230c_eval.o(.rodata.GPIO_CLK)
    [Anonymous Symbol]                       0x08003448   Section        0  gd32e230c_eval.o(.rodata.GPIO_CLK)
    GPIO_PIN                                 0x08003450   Data          16  gd32e230c_eval.o(.rodata.GPIO_PIN)
    [Anonymous Symbol]                       0x08003450   Section        0  gd32e230c_eval.o(.rodata.GPIO_PIN)
    GPIO_PORT                                0x08003460   Data          16  gd32e230c_eval.o(.rodata.GPIO_PORT)
    [Anonymous Symbol]                       0x08003460   Section        0  gd32e230c_eval.o(.rodata.GPIO_PORT)
    KEY_CLK                                  0x08003470   Data           4  gd32e230c_eval.o(.rodata.KEY_CLK)
    [Anonymous Symbol]                       0x08003470   Section        0  gd32e230c_eval.o(.rodata.KEY_CLK)
    KEY_EXTI_LINE                            0x08003474   Data           8  gd32e230c_eval.o(.rodata.KEY_EXTI_LINE)
    [Anonymous Symbol]                       0x08003474   Section        0  gd32e230c_eval.o(.rodata.KEY_EXTI_LINE)
    KEY_IRQn                                 0x0800347c   Data           2  gd32e230c_eval.o(.rodata.KEY_IRQn)
    [Anonymous Symbol]                       0x0800347c   Section        0  gd32e230c_eval.o(.rodata.KEY_IRQn)
    KEY_PIN                                  0x08003480   Data           8  gd32e230c_eval.o(.rodata.KEY_PIN)
    [Anonymous Symbol]                       0x08003480   Section        0  gd32e230c_eval.o(.rodata.KEY_PIN)
    KEY_PIN_SOURCE                           0x08003488   Data           2  gd32e230c_eval.o(.rodata.KEY_PIN_SOURCE)
    [Anonymous Symbol]                       0x08003488   Section        0  gd32e230c_eval.o(.rodata.KEY_PIN_SOURCE)
    KEY_PORT                                 0x0800348c   Data           8  gd32e230c_eval.o(.rodata.KEY_PORT)
    [Anonymous Symbol]                       0x0800348c   Section        0  gd32e230c_eval.o(.rodata.KEY_PORT)
    KEY_PORT_SOURCE                          0x08003494   Data           2  gd32e230c_eval.o(.rodata.KEY_PORT_SOURCE)
    [Anonymous Symbol]                       0x08003494   Section        0  gd32e230c_eval.o(.rodata.KEY_PORT_SOURCE)
    [Anonymous Symbol]                       0x08003496   Section        0  main.o(.rodata.str1.1)
    .data                                    0x20000000   Section        4  stdout.o(.data)
    delay                                    0x2000000c   Data           4  systick.o(.bss.delay)
    [Anonymous Symbol]                       0x2000000c   Section        0  systick.o(.bss.delay)
    led_spark.timingdelaylocal               0x20000010   Data           4  main.o(.bss.led_spark.timingdelaylocal)
    [Anonymous Symbol]                       0x20000010   Section        0  main.o(.bss.led_spark.timingdelaylocal)
    main.last_time                           0x20000060   Data           4  main.o(.bss.main.last_time)
    [Anonymous Symbol]                       0x20000060   Section        0  main.o(.bss.main.last_time)
    main.now                                 0x20000064   Data           4  main.o(.bss.main.now)
    [Anonymous Symbol]                       0x20000064   Section        0  main.o(.bss.main.now)
    STACK                                    0x20000a10   Section     1024  startup_gd32e23x.o(STACK)

    Global Symbols

    Symbol Name                              Value     Ov Type        Size  Object(Section)

    BuildAttributes$$THM_ISAv3M$S$8M$PE$A:L22$X:L11$S22$IEEE1$IW$~IW$USESV6$~STKCKD$USESV7$~SHL$OSPACE$ROPI$EBA8$MICROLIB$REQ8$PRES8$EABIv2 0x00000000   Number         0  anon$$obj.o ABSOLUTE
    __cpp_initialize__aeabi_                  - Undefined Weak Reference
    __cxa_finalize                            - Undefined Weak Reference
    __decompress                              - Undefined Weak Reference
    _clock_init                               - Undefined Weak Reference
    _microlib_exit                            - Undefined Weak Reference
    __Vectors_Size                           0x000000cc   Number         0  startup_gd32e23x.o ABSOLUTE
    __Vectors                                0x08000000   Data           4  startup_gd32e23x.o(RESET)
    __Vectors_End                            0x080000cc   Data           0  startup_gd32e23x.o(RESET)
    __main                                   0x080000cd   Thumb Code     0  entry.o(.ARM.Collect$$$$00000000)
    _main_stk                                0x080000cd   Thumb Code     0  entry2.o(.ARM.Collect$$$$00000001)
    _main_scatterload                        0x080000d1   Thumb Code     0  entry5.o(.ARM.Collect$$$$00000004)
    __main_after_scatterload                 0x080000d5   Thumb Code     0  entry5.o(.ARM.Collect$$$$00000004)
    _main_clock                              0x080000d5   Thumb Code     0  entry7b.o(.ARM.Collect$$$$00000008)
    _main_cpp_init                           0x080000d5   Thumb Code     0  entry8b.o(.ARM.Collect$$$$0000000A)
    _main_init                               0x080000d5   Thumb Code     0  entry9a.o(.ARM.Collect$$$$0000000B)
    __rt_final_cpp                           0x080000dd   Thumb Code     0  entry10a.o(.ARM.Collect$$$$0000000D)
    __rt_final_exit                          0x080000dd   Thumb Code     0  entry11a.o(.ARM.Collect$$$$0000000F)
    Reset_Handler                            0x080000e1   Thumb Code     8  startup_gd32e23x.o(.text)
    ADC_CMP_IRQHandler                       0x080000f3   Thumb Code     0  startup_gd32e23x.o(.text)
    DMA_Channel0_IRQHandler                  0x080000f3   Thumb Code     0  startup_gd32e23x.o(.text)
    DMA_Channel1_2_IRQHandler                0x080000f3   Thumb Code     0  startup_gd32e23x.o(.text)
    DMA_Channel3_4_IRQHandler                0x080000f3   Thumb Code     0  startup_gd32e23x.o(.text)
    EXTI0_1_IRQHandler                       0x080000f3   Thumb Code     0  startup_gd32e23x.o(.text)
    EXTI2_3_IRQHandler                       0x080000f3   Thumb Code     0  startup_gd32e23x.o(.text)
    EXTI4_15_IRQHandler                      0x080000f3   Thumb Code     0  startup_gd32e23x.o(.text)
    FMC_IRQHandler                           0x080000f3   Thumb Code     0  startup_gd32e23x.o(.text)
    I2C0_ER_IRQHandler                       0x080000f3   Thumb Code     0  startup_gd32e23x.o(.text)
    I2C0_EV_IRQHandler                       0x080000f3   Thumb Code     0  startup_gd32e23x.o(.text)
    I2C1_ER_IRQHandler                       0x080000f3   Thumb Code     0  startup_gd32e23x.o(.text)
    I2C1_EV_IRQHandler                       0x080000f3   Thumb Code     0  startup_gd32e23x.o(.text)
    LVD_IRQHandler                           0x080000f3   Thumb Code     0  startup_gd32e23x.o(.text)
    RCU_IRQHandler                           0x080000f3   Thumb Code     0  startup_gd32e23x.o(.text)
    RTC_IRQHandler                           0x080000f3   Thumb Code     0  startup_gd32e23x.o(.text)
    SPI1_IRQHandler                          0x080000f3   Thumb Code     0  startup_gd32e23x.o(.text)
    TIMER0_BRK_UP_TRG_COM_IRQHandler         0x080000f3   Thumb Code     0  startup_gd32e23x.o(.text)
    TIMER0_Channel_IRQHandler                0x080000f3   Thumb Code     0  startup_gd32e23x.o(.text)
    TIMER13_IRQHandler                       0x080000f3   Thumb Code     0  startup_gd32e23x.o(.text)
    TIMER14_IRQHandler                       0x080000f3   Thumb Code     0  startup_gd32e23x.o(.text)
    TIMER15_IRQHandler                       0x080000f3   Thumb Code     0  startup_gd32e23x.o(.text)
    TIMER16_IRQHandler                       0x080000f3   Thumb Code     0  startup_gd32e23x.o(.text)
    TIMER2_IRQHandler                        0x080000f3   Thumb Code     0  startup_gd32e23x.o(.text)
    TIMER5_IRQHandler                        0x080000f3   Thumb Code     0  startup_gd32e23x.o(.text)
    WWDGT_IRQHandler                         0x080000f3   Thumb Code     0  startup_gd32e23x.o(.text)
    __aeabi_memcpy                           0x080000fd   Thumb Code    36  memcpya.o(.text)
    __aeabi_memcpy4                          0x080000fd   Thumb Code     0  memcpya.o(.text)
    __aeabi_memcpy8                          0x080000fd   Thumb Code     0  memcpya.o(.text)
    __aeabi_memset                           0x08000121   Thumb Code    14  memseta.o(.text)
    __aeabi_memset4                          0x08000121   Thumb Code     0  memseta.o(.text)
    __aeabi_memset8                          0x08000121   Thumb Code     0  memseta.o(.text)
    __aeabi_memclr                           0x0800012f   Thumb Code     4  memseta.o(.text)
    __aeabi_memclr4                          0x0800012f   Thumb Code     0  memseta.o(.text)
    __aeabi_memclr8                          0x0800012f   Thumb Code     0  memseta.o(.text)
    _memset$wrapper                          0x08000133   Thumb Code    18  memseta.o(.text)
    __aeabi_uldivmod                         0x08000145   Thumb Code    96  uldiv.o(.text)
    __I$use$fp                               0x080001a5   Thumb Code     0  iusefp.o(.text)
    __aeabi_dadd                             0x080001a5   Thumb Code   328  dadd.o(.text)
    __aeabi_dsub                             0x080002ed   Thumb Code    12  dadd.o(.text)
    __aeabi_drsub                            0x080002f9   Thumb Code    12  dadd.o(.text)
    __aeabi_dmul                             0x08000309   Thumb Code   202  dmul.o(.text)
    __aeabi_ddiv                             0x080003d9   Thumb Code   234  ddiv.o(.text)
    __aeabi_d2ulz                            0x080004c9   Thumb Code    54  dfixul.o(.text)
    __aeabi_cdrcmple                         0x08000509   Thumb Code    38  cdrcmple.o(.text)
    __scatterload                            0x08000531   Thumb Code    28  init.o(.text)
    __scatterload_rt2                        0x08000531   Thumb Code     0  init.o(.text)
    __aeabi_uidiv$div0                       0x08000555   Thumb Code     0  uidiv_div0.o(.text)
    __aeabi_uidivmod                         0x08000555   Thumb Code    62  uidiv_div0.o(.text)
    __aeabi_llsl                             0x08000593   Thumb Code    32  llshl.o(.text)
    _ll_shift_l                              0x08000593   Thumb Code     0  llshl.o(.text)
    __aeabi_llsr                             0x080005b3   Thumb Code    34  llushr.o(.text)
    _ll_ushift_r                             0x080005b3   Thumb Code     0  llushr.o(.text)
    __aeabi_lasr                             0x080005d5   Thumb Code    38  llsshr.o(.text)
    _ll_sshift_r                             0x080005d5   Thumb Code     0  llsshr.o(.text)
    _double_round                            0x080005fb   Thumb Code    26  depilogue.o(.text)
    _double_epilogue                         0x08000615   Thumb Code   164  depilogue.o(.text)
    HardFault_Handler                        0x080006b9   Thumb Code     4  gd32e23x_it.o(.text.HardFault_Handler)
    NMI_Handler                              0x080006bd   Thumb Code     2  gd32e23x_it.o(.text.NMI_Handler)
    PendSV_Handler                           0x080006bf   Thumb Code     2  gd32e23x_it.o(.text.PendSV_Handler)
    SPI0_IRQHandler                          0x080006c1   Thumb Code    44  gd32e23x_it.o(.text.SPI0_IRQHandler)
    SVC_Handler                              0x080006fd   Thumb Code     2  gd32e23x_it.o(.text.SVC_Handler)
    SysTick_Handler                          0x0800074d   Thumb Code    12  gd32e23x_it.o(.text.SysTick_Handler)
    SystemInit                               0x08000759   Thumb Code   216  system_gd32e23x.o(.text.SystemInit)
    USART0_IRQHandler                        0x08000855   Thumb Code    32  gd32e23x_it.o(.text.USART0_IRQHandler)
    USART1_IRQHandler                        0x08000881   Thumb Code     2  gd32e23x_it.o(.text.USART1_IRQHandler)
    board_hw_initialize                      0x080009c1   Thumb Code   904  board_hw.o(.text.board_hw_initialize)
    build_min_tx_data_from_spi               0x08000d71   Thumb Code    46  main.o(.text.build_min_tx_data_from_spi)
    delay_1ms                                0x08000e0d   Thumb Code    28  systick.o(.text.delay_1ms)
    delay_decrement                          0x08000e29   Thumb Code    20  systick.o(.text.delay_decrement)
    exti_init                                0x08000e41   Thumb Code   208  gd32e23x_exti.o(.text.exti_init)
    exti_interrupt_flag_clear                0x08000f21   Thumb Code    16  gd32e23x_exti.o(.text.exti_interrupt_flag_clear)
    fputc                                    0x08000f35   Thumb Code    40  main.o(.text.fputc)
    gd_eval_com_init                         0x08000f65   Thumb Code   188  gd32e230c_eval.o(.text.gd_eval_com_init)
    gd_eval_key_init                         0x08001031   Thumb Code   144  gd32e230c_eval.o(.text.gd_eval_key_init)
    gd_eval_key_state_get                    0x080010d5   Thumb Code    32  gd32e230c_eval.o(.text.gd_eval_key_state_get)
    gd_eval_led_init                         0x080010fd   Thumb Code    96  gd32e230c_eval.o(.text.gd_eval_led_init)
    gd_eval_led_off                          0x08001161   Thumb Code    28  gd32e230c_eval.o(.text.gd_eval_led_off)
    gd_eval_led_on                           0x0800117d   Thumb Code    28  gd32e230c_eval.o(.text.gd_eval_led_on)
    gd_eval_led_toggle                       0x08001199   Thumb Code    28  gd32e230c_eval.o(.text.gd_eval_led_toggle)
    gpio_af_set                              0x080011bd   Thumb Code   192  gd32e23x_gpio.o(.text.gpio_af_set)
    gpio_bit_reset                           0x0800127d   Thumb Code    16  gd32e23x_gpio.o(.text.gpio_bit_reset)
    gpio_bit_set                             0x0800128d   Thumb Code    16  gd32e23x_gpio.o(.text.gpio_bit_set)
    gpio_input_bit_get                       0x0800129d   Thumb Code    42  gd32e23x_gpio.o(.text.gpio_input_bit_get)
    gpio_mode_set                            0x080012c7   Thumb Code   142  gd32e23x_gpio.o(.text.gpio_mode_set)
    gpio_output_options_set                  0x08001355   Thumb Code   138  gd32e23x_gpio.o(.text.gpio_output_options_set)
    led_spark                                0x080013e1   Thumb Code    60  main.o(.text.led_spark)
    lwrb_get_free                            0x08001421   Thumb Code   140  lwrb.o(.text.lwrb_get_free)
    lwrb_get_full                            0x080014ad   Thumb Code   136  lwrb.o(.text.lwrb_get_full)
    lwrb_init                                0x08001535   Thumb Code    84  lwrb.o(.text.lwrb_init)
    lwrb_read                                0x08001589   Thumb Code   300  lwrb.o(.text.lwrb_read)
    lwrb_write                               0x080016b5   Thumb Code   300  lwrb.o(.text.lwrb_write)
    main                                     0x080017e9   Thumb Code   364  main.o(.text.main)
    min_init_context                         0x080019a9   Thumb Code    28  min.o(.text.min_init_context)
    min_rx_callback                          0x080019c5   Thumb Code    56  main.o(.text.min_rx_callback)
    min_rx_feed                              0x08001a05   Thumb Code   118  min.o(.text.min_rx_feed)
    min_send_frame                           0x08001a7d   Thumb Code    84  min.o(.text.min_send_frame)
    min_tx_byte                              0x08001ad5   Thumb Code    40  main.o(.text.min_tx_byte)
    min_tx_space                             0x08001b8d   Thumb Code    48  min.o(.text.min_tx_space)
    nvic_irq_enable                          0x08001bbd   Thumb Code    42  gd32e23x_misc.o(.text.nvic_irq_enable)
    nvic_vector_table_set                    0x08001be9   Thumb Code    28  gd32e23x_misc.o(.text.nvic_vector_table_set)
    rcu_clock_freq_get                       0x08001d71   Thumb Code   724  gd32e23x_rcu.o(.text.rcu_clock_freq_get)
    rcu_periph_clock_enable                  0x08002069   Thumb Code    36  gd32e23x_rcu.o(.text.rcu_periph_clock_enable)
    rcu_periph_reset_disable                 0x0800208d   Thumb Code    36  gd32e23x_rcu.o(.text.rcu_periph_reset_disable)
    rcu_periph_reset_enable                  0x080020b1   Thumb Code    36  gd32e23x_rcu.o(.text.rcu_periph_reset_enable)
    send_min_data                            0x080022e9   Thumb Code    20  main.o(.text.send_min_data)
    spi_config                               0x08002301   Thumb Code    64  main.o(.text.spi_config)
    spi_enable                               0x08002341   Thumb Code    18  gd32e23x_spi.o(.text.spi_enable)
    spi_i2s_data_receive                     0x08002355   Thumb Code    76  gd32e23x_spi.o(.text.spi_i2s_data_receive)
    spi_i2s_deinit                           0x080023a1   Thumb Code    68  gd32e23x_spi.o(.text.spi_i2s_deinit)
    spi_i2s_interrupt_flag_get               0x080023ed   Thumb Code   232  gd32e23x_spi.o(.text.spi_i2s_interrupt_flag_get)
    spi_init                                 0x080024d5   Thumb Code   304  gd32e23x_spi.o(.text.spi_init)
    spi_struct_para_init                     0x0800260d   Thumb Code    42  gd32e23x_spi.o(.text.spi_struct_para_init)
    sys_get_ms                               0x08002699   Thumb Code     8  main.o(.text.sys_get_ms)
    syscfg_exti_line_config                  0x080026a5   Thumb Code   164  gd32e23x_syscfg.o(.text.syscfg_exti_line_config)
    systick_config                           0x08002841   Thumb Code    36  systick.o(.text.systick_config)
    uart0_handler                            0x08002869   Thumb Code    28  main.o(.text.uart0_handler)
    usart_baudrate_set                       0x08002889   Thumb Code   172  gd32e23x_usart.o(.text.usart_baudrate_set)
    usart_data_receive                       0x08002939   Thumb Code    16  gd32e23x_usart.o(.text.usart_data_receive)
    usart_data_transmit                      0x08002949   Thumb Code    20  gd32e23x_usart.o(.text.usart_data_transmit)
    usart_deinit                             0x08002961   Thumb Code    68  gd32e23x_usart.o(.text.usart_deinit)
    usart_enable                             0x080029b5   Thumb Code    18  gd32e23x_usart.o(.text.usart_enable)
    usart_flag_clear                         0x080029c7   Thumb Code    30  gd32e23x_usart.o(.text.usart_flag_clear)
    usart_flag_get                           0x080029e5   Thumb Code    60  gd32e23x_usart.o(.text.usart_flag_get)
    usart_interrupt_enable                   0x08002a21   Thumb Code    34  gd32e23x_usart.o(.text.usart_interrupt_enable)
    usart_interrupt_flag_get                 0x08002a43   Thumb Code    98  gd32e23x_usart.o(.text.usart_interrupt_flag_get)
    usart_receive_config                     0x08002aa5   Thumb Code    30  gd32e23x_usart.o(.text.usart_receive_config)
    usart_transmit_config                    0x08002ac3   Thumb Code    30  gd32e23x_usart.o(.text.usart_transmit_config)
    __0printf                                0x08002b25   Thumb Code    24  printfa.o(i.__0printf)
    __1printf                                0x08002b25   Thumb Code     0  printfa.o(i.__0printf)
    __2printf                                0x08002b25   Thumb Code     0  printfa.o(i.__0printf)
    __c89printf                              0x08002b25   Thumb Code     0  printfa.o(i.__0printf)
    printf                                   0x08002b25   Thumb Code     0  printfa.o(i.__0printf)
    __ARM_clz                                0x08002b45   Thumb Code    46  depilogue.o(i.__ARM_clz)
    __scatterload_copy                       0x08002b73   Thumb Code    14  handlers.o(i.__scatterload_copy)
    __scatterload_null                       0x08002b81   Thumb Code     2  handlers.o(i.__scatterload_null)
    __scatterload_zeroinit                   0x08002b83   Thumb Code    14  handlers.o(i.__scatterload_zeroinit)
    Region$$Table$$Base                      0x080034d4   Number         0  anon$$obj.o(Region$$Table)
    Region$$Table$$Limit                     0x080034f4   Number         0  anon$$obj.o(Region$$Table)
    __stdout                                 0x20000000   Data           4  stdout.o(.data)
    SystemCoreClock                          0x20000004   Data           4  system_gd32e23x.o(.data.SystemCoreClock)
    check_ping_esp_s                         0x20000008   Data           1  main.o(.bss.check_ping_esp_s)
    m_min_context                            0x20000014   Data          36  main.o(.bss.m_min_context)
    m_min_setting                            0x20000038   Data          40  main.o(.bss.m_min_setting)
    min_rx_buffer                            0x20000068   Data        1024  main.o(.bss.min_rx_buffer)
    receive_n                                0x20000468   Data           4  main.o(.bss.receive_n)
    spi0_receive_array                       0x2000046c   Data         128  main.o(.bss.spi0_receive_array)
    spi_data_buffer                          0x200004ec   Data         256  main.o(.bss.spi_data_buffer)
    spi_data_flag                            0x200005ec   Data           1  main.o(.bss.spi_data_flag)
    uart_buffer                              0x200005ed   Data        1024  main.o(.bss.uart_buffer)
    uart_rb                                  0x200009f0   Data          28  main.o(.bss.uart_rb)
    __initial_sp                             0x20000e10   Data           0  startup_gd32e23x.o(STACK)



==============================================================================

Memory Map of the image

  Image Entry point : 0x080000cd

  Load Region LR_IROM1 (Base: 0x08000000, Size: 0x00003500, Max: 0x00010000, ABSOLUTE)

    Execution Region ER_IROM1 (Exec base: 0x08000000, Load base: 0x08000000, Size: 0x000034f4, Max: 0x00010000, ABSOLUTE)

    Exec Addr    Load Addr    Size         Type   Attr      Idx    E Section Name        Object

    0x08000000   0x08000000   0x000000cc   Data   RO         1219    RESET               startup_gd32e23x.o
    0x080000cc   0x080000cc   0x00000000   Code   RO         1357  * .ARM.Collect$$$$00000000  mc_p.l(entry.o)
    0x080000cc   0x080000cc   0x00000004   Code   RO         1394    .ARM.Collect$$$$00000001  mc_p.l(entry2.o)
    0x080000d0   0x080000d0   0x00000004   Code   RO         1397    .ARM.Collect$$$$00000004  mc_p.l(entry5.o)
    0x080000d4   0x080000d4   0x00000000   Code   RO         1399    .ARM.Collect$$$$00000008  mc_p.l(entry7b.o)
    0x080000d4   0x080000d4   0x00000000   Code   RO         1401    .ARM.Collect$$$$0000000A  mc_p.l(entry8b.o)
    0x080000d4   0x080000d4   0x00000008   Code   RO         1402    .ARM.Collect$$$$0000000B  mc_p.l(entry9a.o)
    0x080000dc   0x080000dc   0x00000000   Code   RO         1404    .ARM.Collect$$$$0000000D  mc_p.l(entry10a.o)
    0x080000dc   0x080000dc   0x00000000   Code   RO         1406    .ARM.Collect$$$$0000000F  mc_p.l(entry11a.o)
    0x080000dc   0x080000dc   0x00000004   Code   RO         1395    .ARM.Collect$$$$00002712  mc_p.l(entry2.o)
    0x080000e0   0x080000e0   0x0000001c   Code   RO         1220    .text               startup_gd32e23x.o
    0x080000fc   0x080000fc   0x00000024   Code   RO         1360    .text               mc_p.l(memcpya.o)
    0x08000120   0x08000120   0x00000024   Code   RO         1362    .text               mc_p.l(memseta.o)
    0x08000144   0x08000144   0x00000060   Code   RO         1413    .text               mc_p.l(uldiv.o)
    0x080001a4   0x080001a4   0x00000000   Code   RO         1415    .text               mc_p.l(iusefp.o)
    0x080001a4   0x080001a4   0x00000164   Code   RO         1416    .text               mf_p.l(dadd.o)
    0x08000308   0x08000308   0x000000d0   Code   RO         1418    .text               mf_p.l(dmul.o)
    0x080003d8   0x080003d8   0x000000f0   Code   RO         1420    .text               mf_p.l(ddiv.o)
    0x080004c8   0x080004c8   0x00000040   Code   RO         1422    .text               mf_p.l(dfixul.o)
    0x08000508   0x08000508   0x00000028   Code   RO         1424    .text               mf_p.l(cdrcmple.o)
    0x08000530   0x08000530   0x00000024   Code   RO         1426    .text               mc_p.l(init.o)
    0x08000554   0x08000554   0x0000003e   Code   RO         1430    .text               mc_p.l(uidiv_div0.o)
    0x08000592   0x08000592   0x00000020   Code   RO         1436    .text               mc_p.l(llshl.o)
    0x080005b2   0x080005b2   0x00000022   Code   RO         1438    .text               mc_p.l(llushr.o)
    0x080005d4   0x080005d4   0x00000026   Code   RO         1440    .text               mc_p.l(llsshr.o)
    0x080005fa   0x080005fa   0x000000be   Code   RO         1442    .text               mf_p.l(depilogue.o)
    0x080006b8   0x080006b8   0x00000004   Code   RO           49    .text.HardFault_Handler  gd32e23x_it.o
    0x080006bc   0x080006bc   0x00000002   Code   RO           47    .text.NMI_Handler   gd32e23x_it.o
    0x080006be   0x080006be   0x00000002   Code   RO           53    .text.PendSV_Handler  gd32e23x_it.o
    0x080006c0   0x080006c0   0x0000003c   Code   RO           61    .text.SPI0_IRQHandler  gd32e23x_it.o
    0x080006fc   0x080006fc   0x00000002   Code   RO           51    .text.SVC_Handler   gd32e23x_it.o
    0x080006fe   0x080006fe   0x00000002   PAD
    0x08000700   0x08000700   0x0000004c   Code   RO           72    .text.SysTick_Config  systick.o
    0x0800074c   0x0800074c   0x0000000c   Code   RO           55    .text.SysTick_Handler  gd32e23x_it.o
    0x08000758   0x08000758   0x000000fc   Code   RO           88    .text.SystemInit    system_gd32e23x.o
    0x08000854   0x08000854   0x0000002c   Code   RO           57    .text.USART0_IRQHandler  gd32e23x_it.o
    0x08000880   0x08000880   0x00000002   Code   RO           59    .text.USART1_IRQHandler  gd32e23x_it.o
    0x08000882   0x08000882   0x00000002   PAD
    0x08000884   0x08000884   0x00000034   Code   RO          559    .text.__NVIC_EnableIRQ  gd32e23x_misc.o
    0x080008b8   0x080008b8   0x00000080   Code   RO           74    .text.__NVIC_SetPriority  systick.o
    0x08000938   0x08000938   0x00000088   Code   RO          557    .text.__NVIC_SetPriority  gd32e23x_misc.o
    0x080009c0   0x080009c0   0x000003b0   Code   RO         1261    .text.board_hw_initialize  board_hw.o
    0x08000d70   0x08000d70   0x0000002e   Code   RO           16    .text.build_min_tx_data_from_spi  main.o
    0x08000d9e   0x08000d9e   0x0000000e   Code   RO         1339    .text.crc32_finalize  min.o
    0x08000dac   0x08000dac   0x00000010   Code   RO         1335    .text.crc32_init_context  min.o
    0x08000dbc   0x08000dbc   0x00000050   Code   RO         1337    .text.crc32_step    min.o
    0x08000e0c   0x08000e0c   0x0000001c   Code   RO           76    .text.delay_1ms     systick.o
    0x08000e28   0x08000e28   0x00000018   Code   RO           78    .text.delay_decrement  systick.o
    0x08000e40   0x08000e40   0x000000e0   Code   RO          320    .text.exti_init     gd32e23x_exti.o
    0x08000f20   0x08000f20   0x00000014   Code   RO          340    .text.exti_interrupt_flag_clear  gd32e23x_exti.o
    0x08000f34   0x08000f34   0x00000030   Code   RO            6    .text.fputc         main.o
    0x08000f64   0x08000f64   0x000000cc   Code   RO         1239    .text.gd_eval_com_init  gd32e230c_eval.o
    0x08001030   0x08001030   0x000000a4   Code   RO         1235    .text.gd_eval_key_init  gd32e230c_eval.o
    0x080010d4   0x080010d4   0x00000028   Code   RO         1237    .text.gd_eval_key_state_get  gd32e230c_eval.o
    0x080010fc   0x080010fc   0x00000064   Code   RO         1227    .text.gd_eval_led_init  gd32e230c_eval.o
    0x08001160   0x08001160   0x0000001c   Code   RO         1231    .text.gd_eval_led_off  gd32e230c_eval.o
    0x0800117c   0x0800117c   0x0000001c   Code   RO         1229    .text.gd_eval_led_on  gd32e230c_eval.o
    0x08001198   0x08001198   0x00000024   Code   RO         1233    .text.gd_eval_led_toggle  gd32e230c_eval.o
    0x080011bc   0x080011bc   0x000000c0   Code   RO          463    .text.gpio_af_set   gd32e23x_gpio.o
    0x0800127c   0x0800127c   0x00000010   Code   RO          449    .text.gpio_bit_reset  gd32e23x_gpio.o
    0x0800128c   0x0800128c   0x00000010   Code   RO          447    .text.gpio_bit_set  gd32e23x_gpio.o
    0x0800129c   0x0800129c   0x0000002a   Code   RO          455    .text.gpio_input_bit_get  gd32e23x_gpio.o
    0x080012c6   0x080012c6   0x0000008e   Code   RO          443    .text.gpio_mode_set  gd32e23x_gpio.o
    0x08001354   0x08001354   0x0000008a   Code   RO          445    .text.gpio_output_options_set  gd32e23x_gpio.o
    0x080013de   0x080013de   0x00000002   PAD
    0x080013e0   0x080013e0   0x00000040   Code   RO            2    .text.led_spark     main.o
    0x08001420   0x08001420   0x0000008c   Code   RO         1284    .text.lwrb_get_free  lwrb.o
    0x080014ac   0x080014ac   0x00000088   Code   RO         1288    .text.lwrb_get_full  lwrb.o
    0x08001534   0x08001534   0x00000054   Code   RO         1274    .text.lwrb_init     lwrb.o
    0x08001588   0x08001588   0x0000012c   Code   RO         1286    .text.lwrb_read     lwrb.o
    0x080016b4   0x080016b4   0x00000134   Code   RO         1282    .text.lwrb_write    lwrb.o
    0x080017e8   0x080017e8   0x000001c0   Code   RO           18    .text.main          main.o
    0x080019a8   0x080019a8   0x0000001c   Code   RO         1317    .text.min_init_context  min.o
    0x080019c4   0x080019c4   0x00000040   Code   RO           10    .text.min_rx_callback  main.o
    0x08001a04   0x08001a04   0x00000076   Code   RO         1313    .text.min_rx_feed   min.o
    0x08001a7a   0x08001a7a   0x00000002   PAD
    0x08001a7c   0x08001a7c   0x00000058   Code   RO         1321    .text.min_send_frame  min.o
    0x08001ad4   0x08001ad4   0x00000030   Code   RO           12    .text.min_tx_byte   main.o
    0x08001b04   0x08001b04   0x00000088   Code   RO         1343    .text.min_tx_byte   min.o
    0x08001b8c   0x08001b8c   0x00000030   Code   RO         1319    .text.min_tx_space  min.o
    0x08001bbc   0x08001bbc   0x0000002a   Code   RO          555    .text.nvic_irq_enable  gd32e23x_misc.o
    0x08001be6   0x08001be6   0x00000002   PAD
    0x08001be8   0x08001be8   0x00000024   Code   RO          569    .text.nvic_vector_table_set  gd32e23x_misc.o
    0x08001c0c   0x08001c0c   0x00000164   Code   RO         1323    .text.on_wire_bytes  min.o
    0x08001d70   0x08001d70   0x000002f8   Code   RO          683    .text.rcu_clock_freq_get  gd32e23x_rcu.o
    0x08002068   0x08002068   0x00000024   Code   RO          619    .text.rcu_periph_clock_enable  gd32e23x_rcu.o
    0x0800208c   0x0800208c   0x00000024   Code   RO          629    .text.rcu_periph_reset_disable  gd32e23x_rcu.o
    0x080020b0   0x080020b0   0x00000028   Code   RO          627    .text.rcu_periph_reset_enable  gd32e23x_rcu.o
    0x080020d8   0x080020d8   0x0000020e   Code   RO         1315    .text.rx_byte       min.o
    0x080022e6   0x080022e6   0x00000002   PAD
    0x080022e8   0x080022e8   0x00000018   Code   RO           14    .text.send_min_data  main.o
    0x08002300   0x08002300   0x00000040   Code   RO            4    .text.spi_config    main.o
    0x08002340   0x08002340   0x00000012   Code   RO          779    .text.spi_enable    gd32e23x_spi.o
    0x08002352   0x08002352   0x00000002   PAD
    0x08002354   0x08002354   0x0000004c   Code   RO          815    .text.spi_i2s_data_receive  gd32e23x_spi.o
    0x080023a0   0x080023a0   0x0000004c   Code   RO          773    .text.spi_i2s_deinit  gd32e23x_spi.o
    0x080023ec   0x080023ec   0x000000e8   Code   RO          857    .text.spi_i2s_interrupt_flag_get  gd32e23x_spi.o
    0x080024d4   0x080024d4   0x00000138   Code   RO          777    .text.spi_init      gd32e23x_spi.o
    0x0800260c   0x0800260c   0x0000002a   Code   RO          775    .text.spi_struct_para_init  gd32e23x_spi.o
    0x08002636   0x08002636   0x00000062   Code   RO         1345    .text.stuffed_tx_byte  min.o
    0x08002698   0x08002698   0x0000000c   Code   RO            8    .text.sys_get_ms    main.o
    0x080026a4   0x080026a4   0x000000b4   Code   RO          878    .text.syscfg_exti_line_config  gd32e23x_syscfg.o
    0x08002758   0x08002758   0x000000e0   Code   RO           94    .text.system_clock_72m_irc8m  system_gd32e23x.o
    0x08002838   0x08002838   0x00000008   Code   RO           90    .text.system_clock_config  system_gd32e23x.o
    0x08002840   0x08002840   0x00000028   Code   RO           70    .text.systick_config  systick.o
    0x08002868   0x08002868   0x00000020   Code   RO           20    .text.uart0_handler  main.o
    0x08002888   0x08002888   0x000000b0   Code   RO         1050    .text.usart_baudrate_set  gd32e23x_usart.o
    0x08002938   0x08002938   0x00000010   Code   RO         1086    .text.usart_data_receive  gd32e23x_usart.o
    0x08002948   0x08002948   0x00000018   Code   RO         1084    .text.usart_data_transmit  gd32e23x_usart.o
    0x08002960   0x08002960   0x00000054   Code   RO         1048    .text.usart_deinit  gd32e23x_usart.o
    0x080029b4   0x080029b4   0x00000012   Code   RO         1058    .text.usart_enable  gd32e23x_usart.o
    0x080029c6   0x080029c6   0x0000001e   Code   RO         1178    .text.usart_flag_clear  gd32e23x_usart.o
    0x080029e4   0x080029e4   0x0000003c   Code   RO         1176    .text.usart_flag_get  gd32e23x_usart.o
    0x08002a20   0x08002a20   0x00000022   Code   RO         1180    .text.usart_interrupt_enable  gd32e23x_usart.o
    0x08002a42   0x08002a42   0x00000062   Code   RO         1186    .text.usart_interrupt_flag_get  gd32e23x_usart.o
    0x08002aa4   0x08002aa4   0x0000001e   Code   RO         1064    .text.usart_receive_config  gd32e23x_usart.o
    0x08002ac2   0x08002ac2   0x0000001e   Code   RO         1062    .text.usart_transmit_config  gd32e23x_usart.o
    0x08002ae0   0x08002ae0   0x00000044   Code   RO         1341    .text.valid_frame_received  min.o
    0x08002b24   0x08002b24   0x00000020   Code   RO         1367    i.__0printf         mc_p.l(printfa.o)
    0x08002b44   0x08002b44   0x0000002e   Code   RO         1444    i.__ARM_clz         mf_p.l(depilogue.o)
    0x08002b72   0x08002b72   0x0000000e   Code   RO         1448    i.__scatterload_copy  mc_p.l(handlers.o)
    0x08002b80   0x08002b80   0x00000002   Code   RO         1449    i.__scatterload_null  mc_p.l(handlers.o)
    0x08002b82   0x08002b82   0x0000000e   Code   RO         1450    i.__scatterload_zeroinit  mc_p.l(handlers.o)
    0x08002b90   0x08002b90   0x00000174   Code   RO         1374    i._fp_digits        mc_p.l(printfa.o)
    0x08002d04   0x08002d04   0x000006ec   Code   RO         1375    i._printf_core      mc_p.l(printfa.o)
    0x080033f0   0x080033f0   0x00000020   Code   RO         1376    i._printf_post_padding  mc_p.l(printfa.o)
    0x08003410   0x08003410   0x0000002c   Code   RO         1377    i._printf_pre_padding  mc_p.l(printfa.o)
    0x0800343c   0x0800343c   0x00000002   Data   RO         1251    .rodata.COM_CLK     gd32e230c_eval.o
    0x0800343e   0x0800343e   0x00000002   PAD
    0x08003440   0x08003440   0x00000004   Data   RO         1253    .rodata.COM_RX_PIN  gd32e230c_eval.o
    0x08003444   0x08003444   0x00000004   Data   RO         1252    .rodata.COM_TX_PIN  gd32e230c_eval.o
    0x08003448   0x08003448   0x00000008   Data   RO         1241    .rodata.GPIO_CLK    gd32e230c_eval.o
    0x08003450   0x08003450   0x00000010   Data   RO         1243    .rodata.GPIO_PIN    gd32e230c_eval.o
    0x08003460   0x08003460   0x00000010   Data   RO         1242    .rodata.GPIO_PORT   gd32e230c_eval.o
    0x08003470   0x08003470   0x00000004   Data   RO         1244    .rodata.KEY_CLK     gd32e230c_eval.o
    0x08003474   0x08003474   0x00000008   Data   RO         1250    .rodata.KEY_EXTI_LINE  gd32e230c_eval.o
    0x0800347c   0x0800347c   0x00000002   Data   RO         1247    .rodata.KEY_IRQn    gd32e230c_eval.o
    0x0800347e   0x0800347e   0x00000002   PAD
    0x08003480   0x08003480   0x00000008   Data   RO         1246    .rodata.KEY_PIN     gd32e230c_eval.o
    0x08003488   0x08003488   0x00000002   Data   RO         1249    .rodata.KEY_PIN_SOURCE  gd32e230c_eval.o
    0x0800348a   0x0800348a   0x00000002   PAD
    0x0800348c   0x0800348c   0x00000008   Data   RO         1245    .rodata.KEY_PORT    gd32e230c_eval.o
    0x08003494   0x08003494   0x00000002   Data   RO         1248    .rodata.KEY_PORT_SOURCE  gd32e230c_eval.o
    0x08003496   0x08003496   0x0000003e   Data   RO           33    .rodata.str1.1      main.o
    0x080034d4   0x080034d4   0x00000020   Data   RO         1447    Region$$Table       anon$$obj.o


    Execution Region RW_IRAM1 (Exec base: 0x20000000, Load base: 0x080034f8, Size: 0x00000e10, Max: 0x00002000, ABSOLUTE)

    Exec Addr    Load Addr    Size         Type   Attr      Idx    E Section Name        Object

    0x20000000   0x080034f8   0x00000004   Data   RW         1408    .data               mc_p.l(stdout.o)
    0x20000004   0x080034fc   0x00000004   Data   RW           96    .data.SystemCoreClock  system_gd32e23x.o
    0x20000008        -       0x00000001   Zero   RW           22    .bss.check_ping_esp_s  main.o
    0x20000009   0x08003500   0x00000003   PAD
    0x2000000c        -       0x00000004   Zero   RW           80    .bss.delay          systick.o
    0x20000010        -       0x00000004   Zero   RW           23    .bss.led_spark.timingdelaylocal  main.o
    0x20000014        -       0x00000024   Zero   RW           28    .bss.m_min_context  main.o
    0x20000038        -       0x00000028   Zero   RW           31    .bss.m_min_setting  main.o
    0x20000060        -       0x00000004   Zero   RW           35    .bss.main.last_time  main.o
    0x20000064        -       0x00000004   Zero   RW           34    .bss.main.now       main.o
    0x20000068        -       0x00000400   Zero   RW           32    .bss.min_rx_buffer  main.o
    0x20000468        -       0x00000004   Zero   RW           25    .bss.receive_n      main.o
    0x2000046c        -       0x00000080   Zero   RW           36    .bss.spi0_receive_array  main.o
    0x200004ec        -       0x00000100   Zero   RW           27    .bss.spi_data_buffer  main.o
    0x200005ec        -       0x00000001   Zero   RW           26    .bss.spi_data_flag  main.o
    0x200005ed        -       0x00000400   Zero   RW           30    .bss.uart_buffer    main.o
    0x200009ed   0x08003500   0x00000003   PAD
    0x200009f0        -       0x0000001c   Zero   RW           29    .bss.uart_rb        main.o
    0x20000a0c   0x08003500   0x00000004   PAD
    0x20000a10        -       0x00000400   Zero   RW         1217    STACK               startup_gd32e23x.o


==============================================================================

Image component sizes


      Code (inc. data)   RO Data    RW Data    ZI Data      Debug   Object Name

       944         40          0          0          0       2893   board_hw.o
       600         56         84          0          0       3712   gd32e230c_eval.o
       244         20          0          0          0       3088   gd32e23x_exti.o
       546          0          0          0          0       4214   gd32e23x_gpio.o
       128         28          0          0          0       2383   gd32e23x_it.o
       266         20          0          0          0       3917   gd32e23x_misc.o
       872         40          0          0          0      11313   gd32e23x_rcu.o
       756         16          0          0          0       8916   gd32e23x_spi.o
       180         16          0          0          0       2742   gd32e23x_syscfg.o
       600         24          0          0          0      13626   gd32e23x_usart.o
       968          8          0          0          0       5021   lwrb.o
       850        124         62          0       2554       6335   main.o
      1576          8          0          0          0       8433   min.o
        28          8        204          0       1024        688   startup_gd32e23x.o
       484         56          0          4          0       1898   system_gd32e23x.o
       296         20          0          0          4       2986   systick.o

    ----------------------------------------------------------------------
      9352        484        388          4       3592      82165   Object Totals
         0          0         32          0          0          0   (incl. Generated)
        14          0          6          0         10          0   (incl. Padding)

    ----------------------------------------------------------------------

      Code (inc. data)   RO Data    RW Data    ZI Data      Debug   Library Member Name

         0          0          0          0          0          0   entry.o
         0          0          0          0          0          0   entry10a.o
         0          0          0          0          0          0   entry11a.o
         8          4          0          0          0          0   entry2.o
         4          0          0          0          0          0   entry5.o
         0          0          0          0          0          0   entry7b.o
         0          0          0          0          0          0   entry8b.o
         8          4          0          0          0          0   entry9a.o
        30          0          0          0          0          0   handlers.o
        36          8          0          0          0         68   init.o
         0          0          0          0          0          0   iusefp.o
        32          0          0          0          0         68   llshl.o
        38          0          0          0          0         68   llsshr.o
        34          0          0          0          0         68   llushr.o
        36          0          0          0          0         60   memcpya.o
        36          0          0          0          0        100   memseta.o
      2252         98          0          0          0        412   printfa.o
         0          0          0          4          0          0   stdout.o
        62          0          0          0          0         72   uidiv_div0.o
        96          0          0          0          0         84   uldiv.o
        40          2          0          0          0         68   cdrcmple.o
       356          4          0          0          0        140   dadd.o
       240          6          0          0          0         84   ddiv.o
       236          0          0          0          0        216   depilogue.o
        64         10          0          0          0         68   dfixul.o
       208          6          0          0          0         88   dmul.o

    ----------------------------------------------------------------------
      3816        142          0          4          0       1664   Library Totals
         0          0          0          0          0          0   (incl. Padding)

    ----------------------------------------------------------------------

      Code (inc. data)   RO Data    RW Data    ZI Data      Debug   Library Name

      2672        114          0          4          0       1000   mc_p.l
      1144         28          0          0          0        664   mf_p.l

    ----------------------------------------------------------------------
      3816        142          0          4          0       1664   Library Totals

    ----------------------------------------------------------------------

==============================================================================


      Code (inc. data)   RO Data    RW Data    ZI Data      Debug   

     13168        626        388          8       3592      82901   Grand Totals
     13168        626        388          8       3592      82901   ELF Image Totals
     13168        626        388          8          0          0   ROM Totals

==============================================================================

    Total RO  Size (Code + RO Data)                13556 (  13.24kB)
    Total RW  Size (RW Data + ZI Data)              3600 (   3.52kB)
    Total ROM Size (Code + RO Data + RW Data)      13564 (  13.25kB)

==============================================================================

